ARM Linker, 4.1 [Build 567] [Standard]

==============================================================================

Section Cross References

    stm32f10x_gpio.o(.text) refers to stm32f10x_rcc.o(.text) for RCC_APB2PeriphResetCmd
    stm32f10x_rcc.o(.text) refers to stm32f10x_rcc.o(.data) for APBAHBPrescTable
    stm32f10x_usart.o(.text) refers to stm32f10x_rcc.o(.text) for RCC_APB2PeriphResetCmd
    stm32f10x_pwr.o(.text) refers to stm32f10x_rcc.o(.text) for RCC_APB1PeriphResetCmd
    stm32f10x_bkp.o(.text) refers to stm32f10x_rcc.o(.text) for RCC_BackupResetCmd
    stm32f10x_spi.o(.text) refers to stm32f10x_rcc.o(.text) for RCC_APB2PeriphResetCmd
    startup_stm32f10x_hd.o(RESET) refers to startup_stm32f10x_hd.o(.text) for Reset_Handler
    startup_stm32f10x_hd.o(RESET) refers to stm32f10x_it.o(.text) for NMI_Handler
    startup_stm32f10x_hd.o(.text) refers to startup_stm32f10x_hd.o(STACK) for __initial_sp
    startup_stm32f10x_hd.o(.text) refers to entry.o(.ARM.Collect$$$$00000000) for __main
    main.o(.text) refers to misc.o(.text) for NVIC_Init
    main.o(.text) refers to stm32f10x_rcc.o(.text) for RCC_APB2PeriphClockCmd
    main.o(.text) refers to stm32f10x_gpio.o(.text) for GPIO_Init
    main.o(.text) refers to system_stm32f10x.o(.text) for SystemInit
    main.o(.text) refers to spi.o(.text) for spi1_configuration
    main.o(.text) refers to serial1.o(.text) for USART1_Configuration
    main.o(.text) refers to serial3.o(.text) for USART3_Configuration
    main.o(.text) refers to serial4.o(.text) for UART4_Configuration
    main.o(.text) refers to serial5.o(.text) for Init_Serial5
    main.o(.text) refers to flash.o(.text) for SPI_Flash_Read
    main.o(.text) refers to user.o(.text) for Communicate_Star
    main.o(.text) refers to printf5.o(i.__0printf$5) for __2printf
    main.o(.text) refers to input.o(.text) for MJ_KMCounter
    main.o(.text) refers to system_stm32f10x.o(.constdata) for SystemFrequency
    main.o(.text) refers to main.o(.data) for ADDRESS
    main.o(.text) refers to user.o(.data) for Ethernet_Reset_Count
    main.o(.text) refers to input.o(.data) for Input_State
    main.o(.text) refers to stm32f10x_pwr.o(.text) for PWR_BackupAccessCmd
    main.o(.text) refers to stm32f10x_bkp.o(.text) for BKP_ReadBackupRegister
    main.o(.text) refers to stm32f10x_rtc.o(.text) for RTC_WaitForSynchro
    stm32f10x_it.o(.text) refers to flash.o(.text) for SPI_Flash_Write
    stm32f10x_it.o(.text) refers to stm32f10x_usart.o(.text) for USART_Cmd
    stm32f10x_it.o(.text) refers to user.o(.text) for User_Timer1s
    stm32f10x_it.o(.text) refers to serial1.o(.text) for URFID_Timer1S
    stm32f10x_it.o(.text) refers to stm32f10x_gpio.o(.text) for GPIO_ReadOutputDataBit
    stm32f10x_it.o(.text) refers to input.o(.text) for Input_InputStateCollect
    stm32f10x_it.o(.text) refers to serial5.o(.text) for USART5_RxDW
    stm32f10x_it.o(.text) refers to serial3.o(.text) for USART3_ReceiveDA
    stm32f10x_it.o(.text) refers to serial4.o(.text) for UART4_ReceiveDA
    stm32f10x_it.o(.text) refers to printf.o(.text) for Printf_Send
    stm32f10x_it.o(.text) refers to stm32f10x_rtc.o(.text) for RTC_GetITStatus
    stm32f10x_it.o(.text) refers to user.o(.data) for Ethernet_Time_Count
    stm32f10x_it.o(.text) refers to stm32f10x_it.o(.data) for minute
    stm32f10x_it.o(.text) refers to serial1.o(.data) for UHRFID_Flag
    stm32f10x_it.o(.text) refers to main.o(.data) for MJ_Tim
    stm32f10x_it.o(.text) refers to input.o(.data) for Input_Flag
    stm32f10x_it.o(.text) refers to serial4.o(.data) for YGTM_Flag
    stm32f10x_it.o(.text) refers to serial3.o(.data) for USART3_SendWorld
    stm32f10x_it.o(.text) refers to serial1.o(.bss) for USART1_RxBuffer
    stm32f10x_it.o(.text) refers to serial5.o(.data) for Send_Flag
    calculation.o(.text) refers to serial1.o(.bss) for USART1_TxBuffer
    calculation.o(.text) refers to serial1.o(.data) for USART1_TxLen
    calculation.o(.text) refers to calculation.o(.data) for auchCRCHi
    spi.o(.text) refers to stm32f10x_rcc.o(.text) for RCC_APB2PeriphClockCmd
    spi.o(.text) refers to stm32f10x_gpio.o(.text) for GPIO_Init
    spi.o(.text) refers to stm32f10x_spi.o(.text) for SPI_Init
    flash.o(.text) refers to stm32f10x_gpio.o(.text) for GPIO_ResetBits
    flash.o(.text) refers to spi.o(.text) for SPIx_ReadWriteByte
    flash.o(.text) refers to flash.o(.bss) for SPI_FLASH_BUF
    input.o(.text) refers to printf5.o(i.__0printf$5) for __2printf
    input.o(.text) refers to stm32f10x_gpio.o(.text) for GPIO_ReadInputDataBit
    input.o(.text) refers to user.o(.text) for User_Timer1sClear
    input.o(.text) refers to serial1.o(.text) for Nul_MuJuCount
    input.o(.text) refers to input.o(.data) for Old_Input_State
    input.o(.text) refers to main.o(.data) for Mode_STATE
    input.o(.text) refers to serial3.o(.data) for USART3_SendWorld
[...]
    printf1.o(i.__0vfprintf$1) refers to printf.o(.text) for fputc
    printf1.o(i.__0vprintf$1) refers to printf1.o(i._printf_core) for _printf_core
    printf1.o(i.__0vprintf$1) refers to printf.o(.text) for fputc
    printf1.o(i.__0vprintf$1) refers to stdout.o(.data) for __stdout
    printf1.o(i.__0vsnprintf$1) refers to printf1.o(i._printf_core) for _printf_core
    printf1.o(i.__0vsnprintf$1) refers to printf1.o(i._snputc) for _snputc
    printf1.o(i.__0vsprintf$1) refers to printf1.o(i._printf_core) for _printf_core
    printf1.o(i.__0vsprintf$1) refers to printf1.o(i._sputc) for _sputc
    printf1.o(i._printf_core) refers to uidiv.o(.text) for __aeabi_uidivmod
    printf2.o(i.__0fprintf$2) refers to printf2.o(i._printf_core) for _printf_core
    printf2.o(i.__0fprintf$2) refers to printf.o(.text) for fputc
    printf2.o(i.__0printf$2) refers to printf2.o(i._printf_core) for _printf_core
    printf2.o(i.__0printf$2) refers to printf.o(.text) for fputc
    printf2.o(i.__0printf$2) refers to stdout.o(.data) for __stdout
    printf2.o(i.__0snprintf$2) refers to printf2.o(i._printf_core) for _printf_core
    printf2.o(i.__0snprintf$2) refers to printf2.o(i._snputc) for _snputc
    printf2.o(i.__0sprintf$2) refers to printf2.o(i._printf_core) for _printf_core
    printf2.o(i.__0sprintf$2) refers to printf2.o(i._sputc) for _sputc
    printf2.o(i.__0vfprintf$2) refers to printf2.o(i._printf_core) for _printf_core
    printf2.o(i.__0vfprintf$2) refers to printf.o(.text) for fputc
    printf2.o(i.__0vprintf$2) refers to printf2.o(i._printf_core) for _printf_core
    printf2.o(i.__0vprintf$2) refers to printf.o(.text) for fputc
    printf2.o(i.__0vprintf$2) refers to stdout.o(.data) for __stdout
    printf2.o(i.__0vsnprintf$2) refers to printf2.o(i._printf_core) for _printf_core
    printf2.o(i.__0vsnprintf$2) refers to printf2.o(i._snputc) for _snputc
    printf2.o(i.__0vsprintf$2) refers to printf2.o(i._printf_core) for _printf_core
    printf2.o(i.__0vsprintf$2) refers to printf2.o(i._sputc) for _sputc
    printf3.o(i.__0fprintf$3) refers to printf3.o(i._printf_core) for _printf_core
    printf3.o(i.__0fprintf$3) refers to printf.o(.text) for fputc
    printf3.o(i.__0printf$3) refers to printf3.o(i._printf_core) for _printf_core
    printf3.o(i.__0printf$3) refers to printf.o(.text) for fputc
    printf3.o(i.__0printf$3) refers to stdout.o(.data) for __stdout
    printf3.o(i.__0snprintf$3) refers to printf3.o(i._printf_core) for _printf_core
    printf3.o(i.__0snprintf$3) refers to printf3.o(i._snputc) for _snputc
    printf3.o(i.__0sprintf$3) refers to printf3.o(i._printf_core) for _printf_core
    printf3.o(i.__0sprintf$3) refers to printf3.o(i._sputc) for _sputc
    printf3.o(i.__0vfprintf$3) refers to printf3.o(i._printf_core) for _printf_core
    printf3.o(i.__0vfprintf$3) refers to printf.o(.text) for fputc
    printf3.o(i.__0vprintf$3) refers to printf3.o(i._printf_core) for _printf_core
    printf3.o(i.__0vprintf$3) refers to printf.o(.text) for fputc
    printf3.o(i.__0vprintf$3) refers to stdout.o(.data) for __stdout
    printf3.o(i.__0vsnprintf$3) refers to printf3.o(i._printf_core) for _printf_core
    printf3.o(i.__0vsnprintf$3) refers to printf3.o(i._snputc) for _snputc
    printf3.o(i.__0vsprintf$3) refers to printf3.o(i._printf_core) for _printf_core
    printf3.o(i.__0vsprintf$3) refers to printf3.o(i._sputc) for _sputc
    printf3.o(i._printf_core) refers to uidiv.o(.text) for __aeabi_uidivmod
    printf4.o(i.__0fprintf$4) refers to printf4.o(i._printf_core) for _printf_core
    printf4.o(i.__0fprintf$4) refers to printf.o(.text) for fputc
    printf4.o(i.__0printf$4) refers to printf4.o(i._printf_core) for _printf_core
    printf4.o(i.__0printf$4) refers to printf.o(.text) for fputc
    printf4.o(i.__0printf$4) refers to stdout.o(.data) for __stdout
    printf4.o(i.__0snprintf$4) refers to printf4.o(i._printf_core) for _printf_core
    printf4.o(i.__0snprintf$4) refers to printf4.o(i._snputc) for _snputc
    printf4.o(i.__0sprintf$4) refers to printf4.o(i._printf_core) for _printf_core
    printf4.o(i.__0sprintf$4) refers to printf4.o(i._sputc) for _sputc
    printf4.o(i.__0vfprintf$4) refers to printf4.o(i._printf_core) for _printf_core
    printf4.o(i.__0vfprintf$4) refers to printf.o(.text) for fputc
    printf4.o(i.__0vprintf$4) refers to printf4.o(i._printf_core) for _printf_core
    printf4.o(i.__0vprintf$4) refers to printf.o(.text) for fputc
    printf4.o(i.__0vprintf$4) refers to stdout.o(.data) for __stdout
    printf4.o(i.__0vsnprintf$4) refers to printf4.o(i._printf_core) for _printf_core
    printf4.o(i.__0vsnprintf$4) refers to printf4.o(i._snputc) for _snputc
    printf4.o(i.__0vsprintf$4) refers to printf4.o(i._printf_core) for _printf_core
    printf4.o(i.__0vsprintf$4) refers to printf4.o(i._sputc) for _sputc
    printf4.o(i._printf_core) refers to uldiv.o(.text) for __aeabi_uldivmod
    printf5.o(i.__0fprintf$5) refers to printf5.o(i._printf_core) for _printf_core
    printf5.o(i.__0fprintf$5) refers to printf.o(.text) for fputc
    printf5.o(i.__0printf$5) refers to printf5.o(i._printf_core) for _printf_core
    printf5.o(i.__0printf$5) refers to printf.o(.text) for fputc
    printf5.o(i.__0printf$5) refers to stdout.o(.data) for __stdout
    printf5.o(i.__0snprintf$5) refers to printf5.o(i._printf_core) for _printf_core
    printf5.o(i.__0snprintf$5) refers to printf5.o(i._snputc) for _snputc
    printf5.o(i.__0sprintf$5) refers to printf5.o(i._printf_core) for _printf_core
    printf5.o(i.__0sprintf$5) refers to printf5.o(i._sputc) for _sputc
    printf5.o(i.__0vfprintf$5) refers to printf5.o(i._printf_core) for _printf_core
    printf5.o(i.__0vfprintf$5) refers to printf.o(.text) for fputc
    printf5.o(i.__0vprintf$5) refers to printf5.o(i._printf_core) for _printf_core
    printf5.o(i.__0vprintf$5) refers to printf.o(.text) for fputc
    printf5.o(i.__0vprintf$5) refers to stdout.o(.data) for __stdout
    printf5.o(i.__0vsnprintf$5) refers to printf5.o(i._printf_core) for _printf_core
    printf5.o(i.__0vsnprintf$5) refers to printf5.o(i._snputc) for _snputc
    printf5.o(i.__0vsprintf$5) refers to printf5.o(i._printf_core) for _printf_core
    printf5.o(i.__0vsprintf$5) refers to printf5.o(i._sputc) for _sputc
    printf5.o(i._printf_core) refers to uldiv.o(.text) for __aeabi_uldivmod
    printf6.o(i.__0fprintf$6) refers to printf6.o(i._printf_core) for _printf_core
    printf6.o(i.__0fprintf$6) refers to printf.o(.text) for fputc
    printf6.o(i.__0printf$6) refers to printf6.o(i._printf_core) for _printf_core
    printf6.o(i.__0printf$6) refers to printf.o(.text) for fputc
    printf6.o(i.__0printf$6) refers to stdout.o(.data) for __stdout
    printf6.o(i.__0snprintf$6) refers to printf6.o(i._printf_core) for _printf_core
    printf6.o(i.__0snprintf$6) refers to printf6.o(i._snputc) for _snputc
    printf6.o(i.__0sprintf$6) refers to printf6.o(i._printf_core) for _printf_core
    printf6.o(i.__0sprintf$6) refers to printf6.o(i._sputc) for _sputc
    printf6.o(i.__0vfprintf$6) refers to printf6.o(i._printf_core) for _printf_core
    printf6.o(i.__0vfprintf$6) refers to printf.o(.text) for fputc
    printf6.o(i.__0vprintf$6) refers to printf6.o(i._printf_core) for _printf_core
    printf6.o(i.__0vprintf$6) refers to printf.o(.text) for fputc
    printf6.o(i.__0vprintf$6) refers to stdout.o(.data) for __stdout
    printf6.o(i.__0vsnprintf$6) refers to printf6.o(i._printf_core) for _printf_core
    printf6.o(i.__0vsnprintf$6) refers to printf6.o(i._snputc) for _snputc
    printf6.o(i.__0vsprintf$6) refers to printf6.o(i._printf_core) for _printf_core
    printf6.o(i.__0vsprintf$6) refers to printf6.o(i._sputc) for _sputc
    printf6.o(i._printf_core) refers to printf6.o(i._printf_pre_padding) for _printf_pre_padding
    printf6.o(i._printf_core) refers to uidiv.o(.text) for __aeabi_uidivmod
    printf6.o(i._printf_core) refers to printf6.o(i._printf_post_padding) for _printf_post_padding
    printf7.o(i.__0fprintf$7) refers to printf7.o(i._printf_core) for _printf_core
    printf7.o(i.__0fprintf$7) refers to printf.o(.text) for fputc
    printf7.o(i.__0printf$7) refers to printf7.o(i._printf_core) for _printf_core
    printf7.o(i.__0printf$7) refers to printf.o(.text) for fputc
    printf7.o(i.__0printf$7) refers to stdout.o(.data) for __stdout
    printf7.o(i.__0snprintf$7) refers to printf7.o(i._printf_core) for _printf_core
    printf7.o(i.__0snprintf$7) refers to printf7.o(i._snputc) for _snputc
    printf7.o(i.__0sprintf$7) refers to printf7.o(i._printf_core) for _printf_core
    printf7.o(i.__0sprintf$7) refers to printf7.o(i._sputc) for _sputc
    printf7.o(i.__0vfprintf$7) refers to printf7.o(i._printf_core) for _printf_core
    printf7.o(i.__0vfprintf$7) refers to printf.o(.text) for fputc
    printf7.o(i.__0vprintf$7) refers to printf7.o(i._printf_core) for _printf_core
    printf7.o(i.__0vprintf$7) refers to printf.o(.text) for fputc
    printf7.o(i.__0vprintf$7) refers to stdout.o(.data) for __stdout
    printf7.o(i.__0vsnprintf$7) refers to printf7.o(i._printf_core) for _printf_core
    printf7.o(i.__0vsnprintf$7) refers to printf7.o(i._snputc) for _snputc
    printf7.o(i.__0vsprintf$7) refers to printf7.o(i._printf_core) for _printf_core
    printf7.o(i.__0vsprintf$7) refers to printf7.o(i._sputc) for _sputc
    printf7.o(i._printf_core) refers to printf7.o(i._printf_pre_padding) for _printf_pre_padding
    printf7.o(i._printf_core) refers to uldiv.o(.text) for __aeabi_uldivmod
    printf7.o(i._printf_core) refers to printf7.o(i._printf_post_padding) for _printf_post_padding
    printf8.o(i.__0fprintf$8) refers to printf8.o(i._printf_core) for _printf_core
    printf8.o(i.__0fprintf$8) refers to printf.o(.text) for fputc
    printf8.o(i.__0printf$8) refers to printf8.o(i._printf_core) for _printf_core
    printf8.o(i.__0printf$8) refers to printf.o(.text) for fputc
    printf8.o(i.__0printf$8) refers to stdout.o(.data) for __stdout
    printf8.o(i.__0snprintf$8) refers to printf8.o(i._printf_core) for _printf_core
    printf8.o(i.__0snprintf$8) refers to printf8.o(i._snputc) for _snputc
    printf8.o(i.__0sprintf$8) refers to printf8.o(i._printf_core) for _printf_core
    printf8.o(i.__0sprintf$8) refers to printf8.o(i._sputc) for _sputc
    printf8.o(i.__0vfprintf$8) refers to printf8.o(i._printf_core) for _printf_core
    printf8.o(i.__0vfprintf$8) refers to printf.o(.text) for fputc
    printf8.o(i.__0vprintf$8) refers to printf8.o(i._printf_core) for _printf_core
    printf8.o(i.__0vprintf$8) refers to printf.o(.text) for fputc
    printf8.o(i.__0vprintf$8) refers to stdout.o(.data) for __stdout
    printf8.o(i.__0vsnprintf$8) refers to printf8.o(i._printf_core) for _printf_core
    printf8.o(i.__0vsnprintf$8) refers to printf8.o(i._snputc) for _snputc
    printf8.o(i.__0vsprintf$8) refers to printf8.o(i._printf_core) for _printf_core
    printf8.o(i.__0vsprintf$8) refers to printf8.o(i._sputc) for _sputc
    printf8.o(i._printf_core) refers to printf8.o(i._printf_pre_padding) for _printf_pre_padding
    printf8.o(i._printf_core) refers to uldiv.o(.text) for __aeabi_uldivmod
    printf8.o(i._printf_core) refers to printf8.o(i._printf_post_padding) for _printf_post_padding
    printfa.o(i.__0fprintf) refers (Special) to iusefp.o(.text) for __I$use$fp
    printfa.o(i.__0fprintf) refers to printfa.o(i._printf_core) for _printf_core
    printfa.o(i.__0fprintf) refers to printf.o(.text) for fputc
    printfa.o(i.__0printf) refers (Special) to iusefp.o(.text) for __I$use$fp
    printfa.o(i.__0printf) refers to printfa.o(i._printf_core) for _printf_core
    printfa.o(i.__0printf) refers to printf.o(.text) for fputc
    printfa.o(i.__0printf) refers to stdout.o(.data) for __stdout
    printfa.o(i.__0snprintf) refers (Special) to iusefp.o(.text) for __I$use$fp
    printfa.o(i.__0snprintf) refers to printfa.o(i._printf_core) for _printf_core
    printfa.o(i.__0snprintf) refers to printfa.o(i._snputc) for _snputc
    printfa.o(i.__0sprintf) refers (Special) to iusefp.o(.text) for __I$use$fp
    printfa.o(i.__0sprintf) refers to printfa.o(i._printf_core) for _printf_core
    printfa.o(i.__0sprintf) refers to printfa.o(i._sputc) for _sputc
    printfa.o(i.__0vfprintf) refers (Special) to iusefp.o(.text) for __I$use$fp
    printfa.o(i.__0vfprintf) refers to printfa.o(i._printf_core) for _printf_core
    printfa.o(i.__0vfprintf) refers to printf.o(.text) for fputc
    printfa.o(i.__0vprintf) refers (Special) to iusefp.o(.text) for __I$use$fp
    printfa.o(i.__0vprintf) refers to printfa.o(i._printf_core) for _printf_core
    printfa.o(i.__0vprintf) refers to printf.o(.text) for fputc
    printfa.o(i.__0vprintf) refers to stdout.o(.data) for __stdout
    printfa.o(i.__0vsnprintf) refers (Special) to iusefp.o(.text) for __I$use$fp
    printfa.o(i.__0vsnprintf) refers to printfa.o(i._printf_core) for _printf_core
    printfa.o(i.__0vsnprintf) refers to printfa.o(i._snputc) for _snputc
    printfa.o(i.__0vsprintf) refers (Special) to iusefp.o(.text) for __I$use$fp
    printfa.o(i.__0vsprintf) refers to printfa.o(i._printf_core) for _printf_core
    printfa.o(i.__0vsprintf) refers to printfa.o(i._sputc) for _sputc
    printfa.o(i._fp_digits) refers (Special) to iusefp.o(.text) for __I$use$fp
    printfa.o(i._fp_digits) refers to dmul.o(.text) for __aeabi_dmul
    printfa.o(i._fp_digits) refers to ddiv.o(.text) for __aeabi_ddiv
    printfa.o(i._fp_digits) refers to cdrcmple.o(.text) for __aeabi_cdrcmple
    printfa.o(i._fp_digits) refers to dadd.o(.text) for __aeabi_dadd
    printfa.o(i._fp_digits) refers to dfixul.o(.text) for __aeabi_d2ulz
    printfa.o(i._fp_digits) refers to uldiv.o(.text) for __aeabi_uldivmod
    printfa.o(i._printf_core) refers (Special) to iusefp.o(.text) for __I$use$fp
    printfa.o(i._printf_core) refers to printfa.o(i._printf_pre_padding) for _printf_pre_padding
    printfa.o(i._printf_core) refers to uldiv.o(.text) for __aeabi_uldivmod
    printfa.o(i._printf_core) refers to printfa.o(i._printf_post_padding) for _printf_post_padding
    printfa.o(i._printf_core) refers to printfa.o(i._fp_digits) for _fp_digits
    printfa.o(i._printf_core) refers to uidiv.o(.text) for __aeabi_uidivmod
    printfa.o(i._printf_post_padding) refers (Special) to iusefp.o(.text) for __I$use$fp
    printfa.o(i._printf_pre_padding) refers (Special) to iusefp.o(.text) for __I$use$fp
    printfa.o(i._snputc) refers (Special) to iusefp.o(.text) for __I$use$fp
    printfa.o(i._sputc) refers (Special) to iusefp.o(.text) for __I$use$fp
    entry2.o(.ARM.Collect$$$$00000001) refers to entry2.o(.ARM.Collect$$$$00002712) for __lit__00000000
    entry2.o(.ARM.Collect$$$$00002712) refers to startup_stm32f10x_hd.o(STACK) for __initial_sp
    entry2.o(__vectab_stack_and_reset_area) refers to startup_stm32f10x_hd.o(STACK) for __initial_sp
    entry2.o(__vectab_stack_and_reset_area) refers to entry.o(.ARM.Collect$$$$00000000) for __main
    entry5.o(.ARM.Collect$$$$00000004) refers to init.o(.text) for __scatterload
    entry7.o(.ARM.Collect$$$$00000007) refers to main.o(.text) for main
    uldiv.o(.text) refers to llushr.o(.text) for __aeabi_llsr
    uldiv.o(.text) refers to llshl.o(.text) for __aeabi_llsl
    dadd.o(.text) refers to llshl.o(.text) for __aeabi_llsl
    dadd.o(.text) refers to llsshr.o(.text) for __aeabi_lasr
    dadd.o(.text) refers to depilogue.o(.text) for _double_epilogue
    dmul.o(.text) refers to depilogue.o(.text) for _double_epilogue
    ddiv.o(.text) refers to depilogue.o(.text) for _double_round
    dfixul.o(.text) refers to llushr.o(.text) for __aeabi_llsr
    dfixul.o(.text) refers to llshl.o(.text) for __aeabi_llsl
    init.o(.text) refers to entry5.o(.ARM.Collect$$$$00000004) for __main_after_scatterload
    depilogue.o(.text) refers to llshl.o(.text) for __aeabi_llsl
    depilogue.o(.text) refers to llushr.o(.text) for __aeabi_llsr


==============================================================================

Removing Unused input sections from the image.

    Removing core_cm3.o(.emb_text), (32 bytes).
    Removing startup_stm32f10x_hd.o(HEAP), (0 bytes).
    Removing tiaoshi.o(.text), (108 bytes).
    Removing tiaoshi.o(.bss), (30 bytes).
    Removing communication.o(.text), (484 bytes).
    Removing dadd.o(.text), (330 bytes).
    Removing dmul.o(.text), (226 bytes).
    Removing ddiv.o(.text), (222 bytes).
    Removing dfixul.o(.text), (48 bytes).
    Removing cdrcmple.o(.text), (40 bytes).
    Removing depilogue.o(.text), (194 bytes).

11 unused section(s) (total 1714 bytes) removed from the image.

==============================================================================

Image Symbol Table

    Local Symbols

    Symbol Name                              Value     Ov Type        Size  Object(Section)

    ../../../cmprslib/zerorunl2.c            0x00000000   Number         0  __dczerorl2.o ABSOLUTE
    ../../microlib/division.c                0x00000000   Number         0  uidiv.o ABSOLUTE
    ../../microlib/division.c                0x00000000   Number         0  uldiv.o ABSOLUTE
    ../../microlib/fpadd.c                   0x00000000   Number         0  dadd.o ABSOLUTE
    ../../microlib/fpdiv.c                   0x00000000   Number         0  ddiv.o ABSOLUTE
    ../../microlib/fpepilogue.c              0x00000000   Number         0  depilogue.o ABSOLUTE
    ../../microlib/fpfix.c                   0x00000000   Number         0  dfixul.o ABSOLUTE
    ../../microlib/fpmul.c                   0x00000000   Number         0  dmul.o ABSOLUTE
    ../../microlib/init/entry.s              0x00000000   Number         0  entry2.o ABSOLUTE
    ../../microlib/init/entry.s              0x00000000   Number         0  entry5.o ABSOLUTE
    ../../microlib/init/entry.s              0x00000000   Number         0  entry7.o ABSOLUTE
    ../../microlib/init/entry.s              0x00000000   Number         0  entry.o ABSOLUTE
    ../../microlib/longlong.c                0x00000000   Number         0  llsshr.o ABSOLUTE
    ../../microlib/longlong.c                0x00000000   Number         0  llushr.o ABSOLUTE
    ../../microlib/longlong.c                0x00000000   Number         0  llshl.o ABSOLUTE
    ../../microlib/printf/printf.c           0x00000000   Number         0  printf5.o ABSOLUTE
    ../../microlib/printf/printf.c           0x00000000   Number         0  printf4.o ABSOLUTE
    ../../microlib/printf/printf.c           0x00000000   Number         0  printfb.o ABSOLUTE
    ../../microlib/printf/printf.c           0x00000000   Number         0  printf7.o ABSOLUTE
    ../../microlib/printf/printf.c           0x00000000   Number         0  printf2.o ABSOLUTE
    ../../microlib/printf/printf.c           0x00000000   Number         0  printf1.o ABSOLUTE
    ../../microlib/printf/printf.c           0x00000000   Number         0  printf0.o ABSOLUTE
    ../../microlib/printf/printf.c           0x00000000   Number         0  printf3.o ABSOLUTE
    ../../microlib/printf/printf.c           0x00000000   Number         0  printfa.o ABSOLUTE
    ../../microlib/printf/printf.c           0x00000000   Number         0  printf8.o ABSOLUTE
    ../../microlib/printf/printf.c           0x00000000   Number         0  printf6.o ABSOLUTE
    ../../microlib/printf/stubs.s            0x00000000   Number         0  stubs.o ABSOLUTE
    ../../microlib/stdio/streams.c           0x00000000   Number         0  stdout.o ABSOLUTE
    ../../microlib/stubs.s                   0x00000000   Number         0  iusefp.o ABSOLUTE
    cdrcmple.s                               0x00000000   Number         0  cdrcmple.o ABSOLUTE
    dc.s                                     0x00000000   Number         0  dc.o ABSOLUTE
    handlers.s                               0x00000000   Number         0  handlers.o ABSOLUTE
    init.s                                   0x00000000   Number         0  init.o ABSOLUTE
    lib\mylib\communication.c                0x00000000   Number         0  communication.o ABSOLUTE
    lib\mylib\printf.c                       0x00000000   Number         0  printf.o ABSOLUTE
    lib\src\misc.c                           0x00000000   Number         0  misc.o ABSOLUTE
    lib\src\stm32f10x_bkp.c                  0x00000000   Number         0  stm32f10x_bkp.o ABSOLUTE
    lib\src\stm32f10x_gpio.c                 0x00000000   Number         0  stm32f10x_gpio.o ABSOLUTE
    lib\src\stm32f10x_pwr.c                  0x00000000   Number         0  stm32f10x_pwr.o ABSOLUTE
    lib\src\stm32f10x_rcc.c                  0x00000000   Number         0  stm32f10x_rcc.o ABSOLUTE
    lib\src\stm32f10x_rtc.c                  0x00000000   Number         0  stm32f10x_rtc.o ABSOLUTE
    lib\src\stm32f10x_spi.c                  0x00000000   Number         0  stm32f10x_spi.o ABSOLUTE
    lib\src\stm32f10x_usart.c                0x00000000   Number         0  stm32f10x_usart.o ABSOLUTE
    sys\\core_cm3.c                          0x00000000   Number         0  core_cm3.o ABSOLUTE
    sys\core_cm3.c                           0x00000000   Number         0  core_cm3.o ABSOLUTE
    sys\startup_stm32f10x_hd.s               0x00000000   Number         0  startup_stm32f10x_hd.o ABSOLUTE
    sys\system_stm32f10x.c                   0x00000000   Number         0  system_stm32f10x.o ABSOLUTE
    user\calculation.c                       0x00000000   Number         0  calculation.o ABSOLUTE
    user\flash.c                             0x00000000   Number         0  flash.o ABSOLUTE
    user\input.c                             0x00000000   Number         0  input.o ABSOLUTE
    user\main.c                              0x00000000   Number         0  main.o ABSOLUTE
    user\serial1.c                           0x00000000   Number         0  serial1.o ABSOLUTE
    user\serial3.c                           0x00000000   Number         0  serial3.o ABSOLUTE
    user\serial4.c                           0x00000000   Number         0  serial4.o ABSOLUTE
    user\serial5.c                           0x00000000   Number         0  serial5.o ABSOLUTE
    user\spi.c                               0x00000000   Number         0  spi.o ABSOLUTE
    user\stm32f10x_it.c                      0x00000000   Number         0  stm32f10x_it.o ABSOLUTE
    user\tiaoshi.c                           0x00000000   Number         0  tiaoshi.o ABSOLUTE
    user\user.c                              0x00000000   Number         0  user.o ABSOLUTE
    RESET                                    0x08000000   Section      304  startup_stm32f10x_hd.o(RESET)
    .ARM.Collect$$$$00000000                 0x08000130   Section        0  entry.o(.ARM.Collect$$$$00000000)
    .ARM.Collect$$$$00000001                 0x08000130   Section        4  entry2.o(.ARM.Collect$$$$00000001)
    .ARM.Collect$$$$00000004                 0x08000134   Section        4  entry5.o(.ARM.Collect$$$$00000004)
    .ARM.Collect$$$$00000007                 0x08000138   Section        8  entry7.o(.ARM.Collect$$$$00000007)
    .ARM.Collect$$$$00002712                 0x08000140   Section        4  entry2.o(.ARM.Collect$$$$00002712)
    __lit__00000000                          0x08000140   Data           4  entry2.o(.ARM.Collect$$$$00002712)
    .text                                    0x08000144   Section        0  stm32f10x_gpio.o(.text)
    .text                                    0x08000470   Section        0  stm32f10x_rcc.o(.text)
    .text                                    0x08000810   Section        0  misc.o(.text)
    .text                                    0x08000908   Section        0  stm32f10x_usart.o(.text)
    .text                                    0x08000c80   Section        0  stm32f10x_rtc.o(.text)
    .text                                    0x08000df8   Section        0  stm32f10x_pwr.o(.text)
    .text                                    0x08000ec0   Section        0  stm32f10x_bkp.o(.text)
    .text                                    0x08000f80   Section        0  stm32f10x_spi.o(.text)
    .text                                    0x08001284   Section        0  system_stm32f10x.o(.text)
    SetSysClockTo72                          0x08001285   Thumb Code   198  system_stm32f10x.o(.text)
    SetSysClock                              0x0800134b   Thumb Code     8  system_stm32f10x.o(.text)
    .text                                    0x080013a8   Section       48  startup_stm32f10x_hd.o(.text)
    .text                                    0x080013d8   Section        0  main.o(.text)
    .text                                    0x08001904   Section        0  stm32f10x_it.o(.text)
    .text                                    0x08001f20   Section        0  calculation.o(.text)
    .text                                    0x0800256c   Section        0  spi.o(.text)
    .text                                    0x080026a8   Section        0  flash.o(.text)
    .text                                    0x080029b4   Section        0  input.o(.text)
    .text                                    0x08002d90   Section        0  serial1.o(.text)
    .text                                    0x0800372c   Section        0  serial4.o(.text)
    .text                                    0x08003b38   Section        0  serial3.o(.text)
    .text                                    0x0800641c   Section        0  serial5.o(.text)
    .text                                    0x080075a4   Section        0  printf.o(.text)
    .text                                    0x08007658   Section        0  user.o(.text)
    .text                                    0x080078f4   Section        0  uldiv.o(.text)
    .text                                    0x0800795c   Section       36  init.o(.text)
    .text                                    0x08007980   Section        0  llshl.o(.text)
    .text                                    0x0800799e   Section        0  llushr.o(.text)
    .text                                    0x080079be   Section        0  __dczerorl2.o(.text)
    i.__0printf$5                            0x08007a1c   Section        0  printf5.o(i.__0printf$5)
    i.__scatterload_copy                     0x08007a3c   Section       14  handlers.o(i.__scatterload_copy)
    i.__scatterload_null                     0x08007a4a   Section        2  handlers.o(i.__scatterload_null)
    i.__scatterload_zeroinit                 0x08007a4c   Section       14  handlers.o(i.__scatterload_zeroinit)
    i._printf_core                           0x08007a5c   Section        0  printf5.o(i._printf_core)
    _printf_core                             0x08007a5d   Thumb Code   664  printf5.o(i._printf_core)
    .constdata                               0x08007d20   Section       20  system_stm32f10x.o(.constdata)
    .data                                    0x20000000   Section       20  stm32f10x_rcc.o(.data)
    APBAHBPrescTable                         0x20000000   Data          16  stm32f10x_rcc.o(.data)
    ADCPrescTable                            0x20000010   Data           4  stm32f10x_rcc.o(.data)
    .data                                    0x20000014   Section      124  main.o(.data)
    .data                                    0x20000090   Section       16  stm32f10x_it.o(.data)
    .data                                    0x200000a0   Section      512  calculation.o(.data)
    auchCRCHi                                0x200000a0   Data         256  calculation.o(.data)
    auchCRCLo                                0x200001a0   Data         256  calculation.o(.data)
    .data                                    0x200002a0   Section       42  input.o(.data)
    .data                                    0x200002ca   Section       16  serial1.o(.data)
    .data                                    0x200002da   Section       10  serial4.o(.data)
    .data                                    0x200002e4   Section        7  serial3.o(.data)
    .data                                    0x200002eb   Section      116  serial5.o(.data)
    .data                                    0x2000035f   Section        3  printf.o(.data)
    .data                                    0x20000364   Section       17  user.o(.data)
    .data                                    0x20000378   Section        4  stdout.o(.data)
    .bss                                     0x2000037c   Section     4096  flash.o(.bss)
    .bss                                     0x2000137c   Section      486  serial1.o(.bss)
    .bss                                     0x20001562   Section       52  serial4.o(.bss)
    .bss                                     0x20001596   Section      582  serial3.o(.bss)
    .bss                                     0x200017dc   Section      306  serial5.o(.bss)
    .bss                                     0x2000190e   Section      200  printf.o(.bss)
    .bss                                     0x200019d8   Section      284  user.o(.bss)
    STACK                                    0x20001af8   Section      512  startup_stm32f10x_hd.o(STACK)

    Global Symbols

    Symbol Name                              Value     Ov Type        Size  Object(Section)

    BuildAttributes$$THM_ISAv4$P$D$K$B$S$PE$A:L22UL41UL21$X:L11$S22US41US21$IEEE1$IW$USESV6$~STKCKD$USESV7$~SHL$OSPACE$ROPI$EBA8$MICROLIB$REQ8$PRES8$EABIv2 0x00000000   Number         0  anon$$obj.o ABSOLUTE
    __ARM_use_no_argv                        0x00000000   Number         0  main.o ABSOLUTE
    _printf_a                                0x00000000   Number         0  stubs.o ABSOLUTE
    _printf_c                                0x00000000   Number         0  stubs.o ABSOLUTE
    _printf_charcount                        0x00000000   Number         0  stubs.o ABSOLUTE
    _printf_d                                0x00000000   Number         0  stubs.o ABSOLUTE
    _printf_e                                0x00000000   Number         0  stubs.o ABSOLUTE
    _printf_f                                0x00000000   Number         0  stubs.o ABSOLUTE
    _printf_flags                            0x00000000   Number         0  stubs.o ABSOLUTE
    _printf_fp_dec                           0x00000000   Number         0  stubs.o ABSOLUTE
    _printf_fp_hex                           0x00000000   Number         0  stubs.o ABSOLUTE
    _printf_g                                0x00000000   Number         0  stubs.o ABSOLUTE
    _printf_i                                0x00000000   Number         0  stubs.o ABSOLUTE
    _printf_int_dec                          0x00000000   Number         0  stubs.o ABSOLUTE
    _printf_l                                0x00000000   Number         0  stubs.o ABSOLUTE
    _printf_lc                               0x00000000   Number         0  stubs.o ABSOLUTE
    _printf_ll                               0x00000000   Number         0  stubs.o ABSOLUTE
    _printf_lld                              0x00000000   Number         0  stubs.o ABSOLUTE
    _printf_lli                              0x00000000   Number         0  stubs.o ABSOLUTE
    _printf_llo                              0x00000000   Number         0  stubs.o ABSOLUTE
    _printf_llu                              0x00000000   Number         0  stubs.o ABSOLUTE
    _printf_llx                              0x00000000   Number         0  stubs.o ABSOLUTE
    _printf_longlong_dec                     0x00000000   Number         0  stubs.o ABSOLUTE
    _printf_longlong_hex                     0x00000000   Number         0  stubs.o ABSOLUTE
    _printf_longlong_oct                     0x00000000   Number         0  stubs.o ABSOLUTE
    _printf_ls                               0x00000000   Number         0  stubs.o ABSOLUTE
    _printf_mbtowc                           0x00000000   Number         0  stubs.o ABSOLUTE
    _printf_n                                0x00000000   Number         0  stubs.o ABSOLUTE
    _printf_o                                0x00000000   Number         0  stubs.o ABSOLUTE
    _printf_p                                0x00000000   Number         0  stubs.o ABSOLUTE
    _printf_percent                          0x00000000   Number         0  stubs.o ABSOLUTE
    _printf_pre_padding                      0x00000000   Number         0  stubs.o ABSOLUTE
    _printf_return_value                     0x00000000   Number         0  stubs.o ABSOLUTE
    _printf_s                                0x00000000   Number         0  stubs.o ABSOLUTE
    _printf_sizespec                         0x00000000   Number         0  stubs.o ABSOLUTE
    _printf_str                              0x00000000   Number         0  stubs.o ABSOLUTE
    _printf_truncate_signed                  0x00000000   Number         0  stubs.o ABSOLUTE
    _printf_truncate_unsigned                0x00000000   Number         0  stubs.o ABSOLUTE
    _printf_u                                0x00000000   Number         0  stubs.o ABSOLUTE
    _printf_wc                               0x00000000   Number         0  stubs.o ABSOLUTE
    _printf_wctomb                           0x00000000   Number         0  stubs.o ABSOLUTE
    _printf_widthprec                        0x00000000   Number         0  stubs.o ABSOLUTE
    _printf_x                                0x00000000   Number         0  stubs.o ABSOLUTE
    __Vectors_Size                           0x00000130   Number         0  startup_stm32f10x_hd.o ABSOLUTE
    __Vectors                                0x08000000   Data           4  startup_stm32f10x_hd.o(RESET)
    __Vectors_End                            0x08000130   Data           0  startup_stm32f10x_hd.o(RESET)
    __main                                   0x08000131   Thumb Code     0  entry.o(.ARM.Collect$$$$00000000)
    _main_stk                                0x08000131   Thumb Code     0  entry2.o(.ARM.Collect$$$$00000001)
    _main_scatterload                        0x08000135   Thumb Code     0  entry5.o(.ARM.Collect$$$$00000004)
    __main_after_scatterload                 0x08000139   Thumb Code     0  entry5.o(.ARM.Collect$$$$00000004)
    _main_init                               0x08000139   Thumb Code     0  entry7.o(.ARM.Collect$$$$00000007)
    GPIO_DeInit                              0x08000145   Thumb Code   188  stm32f10x_gpio.o(.text)
    GPIO_AFIODeInit                          0x08000201   Thumb Code    20  stm32f10x_gpio.o(.text)
    GPIO_Init                                0x08000215   Thumb Code   274  stm32f10x_gpio.o(.text)
    GPIO_StructInit                          0x08000327   Thumb Code    16  stm32f10x_gpio.o(.text)
    GPIO_ReadInputDataBit                    0x08000337   Thumb Code    18  stm32f10x_gpio.o(.text)
    GPIO_ReadInputData                       0x08000349   Thumb Code     8  stm32f10x_gpio.o(.text)
    GPIO_ReadOutputDataBit                   0x08000351   Thumb Code    18  stm32f10x_gpio.o(.text)
    GPIO_ReadOutputData                      0x08000363   Thumb Code     8  stm32f10x_gpio.o(.text)
    GPIO_SetBits                             0x0800036b   Thumb Code     4  stm32f10x_gpio.o(.text)
    GPIO_ResetBits                           0x0800036f   Thumb Code     4  stm32f10x_gpio.o(.text)
    GPIO_WriteBit                            0x08000373   Thumb Code    10  stm32f10x_gpio.o(.text)
    GPIO_Write                               0x0800037d   Thumb Code     4  stm32f10x_gpio.o(.text)
    GPIO_PinLockConfig                       0x08000381   Thumb Code    18  stm32f10x_gpio.o(.text)
    GPIO_EventOutputConfig                   0x08000393   Thumb Code    26  stm32f10x_gpio.o(.text)
    GPIO_EventOutputCmd                      0x080003ad   Thumb Code     6  stm32f10x_gpio.o(.text)
    GPIO_PinRemapConfig                      0x080003b3   Thumb Code   106  stm32f10x_gpio.o(.text)
    GPIO_EXTILineConfig                      0x0800041d   Thumb Code    66  stm32f10x_gpio.o(.text)
    RCC_DeInit                               0x08000471   Thumb Code    62  stm32f10x_rcc.o(.text)
    RCC_HSEConfig                            0x080004af   Thumb Code    70  stm32f10x_rcc.o(.text)
    RCC_GetFlagStatus                        0x080004f5   Thumb Code    56  stm32f10x_rcc.o(.text)
    RCC_WaitForHSEStartUp                    0x0800052d   Thumb Code    46  stm32f10x_rcc.o(.text)
    RCC_AdjustHSICalibrationValue            0x0800055b   Thumb Code    20  stm32f10x_rcc.o(.text)
    RCC_HSICmd                               0x0800056f   Thumb Code     6  stm32f10x_rcc.o(.text)
    RCC_PLLConfig                            0x08000575   Thumb Code    24  stm32f10x_rcc.o(.text)
    RCC_PLLCmd                               0x0800058d   Thumb Code     6  stm32f10x_rcc.o(.text)
    RCC_SYSCLKConfig                         0x08000593   Thumb Code    18  stm32f10x_rcc.o(.text)
    RCC_GetSYSCLKSource                      0x080005a5   Thumb Code    10  stm32f10x_rcc.o(.text)
    RCC_HCLKConfig                           0x080005af   Thumb Code    18  stm32f10x_rcc.o(.text)
    RCC_PCLK1Config                          0x080005c1   Thumb Code    18  stm32f10x_rcc.o(.text)
    RCC_PCLK2Config                          0x080005d3   Thumb Code    20  stm32f10x_rcc.o(.text)
    RCC_ITConfig                             0x080005e7   Thumb Code    30  stm32f10x_rcc.o(.text)
    RCC_USBCLKConfig                         0x08000605   Thumb Code     6  stm32f10x_rcc.o(.text)
    RCC_ADCCLKConfig                         0x0800060b   Thumb Code    18  stm32f10x_rcc.o(.text)
    RCC_LSEConfig                            0x0800061d   Thumb Code    44  stm32f10x_rcc.o(.text)
    RCC_LSICmd                               0x08000649   Thumb Code     6  stm32f10x_rcc.o(.text)
    RCC_RTCCLKConfig                         0x0800064f   Thumb Code    12  stm32f10x_rcc.o(.text)
    RCC_RTCCLKCmd                            0x0800065b   Thumb Code     6  stm32f10x_rcc.o(.text)
    RCC_GetClocksFreq                        0x08000661   Thumb Code   192  stm32f10x_rcc.o(.text)
    RCC_AHBPeriphClockCmd                    0x08000721   Thumb Code    26  stm32f10x_rcc.o(.text)
    RCC_APB2PeriphClockCmd                   0x0800073b   Thumb Code    26  stm32f10x_rcc.o(.text)
    RCC_APB1PeriphClockCmd                   0x08000755   Thumb Code    26  stm32f10x_rcc.o(.text)
    RCC_APB2PeriphResetCmd                   0x0800076f   Thumb Code    26  stm32f10x_rcc.o(.text)
    RCC_APB1PeriphResetCmd                   0x08000789   Thumb Code    26  stm32f10x_rcc.o(.text)
    RCC_BackupResetCmd                       0x080007a3   Thumb Code     6  stm32f10x_rcc.o(.text)
    RCC_ClockSecuritySystemCmd               0x080007a9   Thumb Code     6  stm32f10x_rcc.o(.text)
    RCC_MCOConfig                            0x080007af   Thumb Code     6  stm32f10x_rcc.o(.text)
    RCC_ClearFlag                            0x080007b5   Thumb Code    14  stm32f10x_rcc.o(.text)
    RCC_GetITStatus                          0x080007c3   Thumb Code    20  stm32f10x_rcc.o(.text)
    RCC_ClearITPendingBit                    0x080007d7   Thumb Code     6  stm32f10x_rcc.o(.text)
    NVIC_PriorityGroupConfig                 0x08000811   Thumb Code    10  misc.o(.text)
    NVIC_Init                                0x0800081b   Thumb Code   118  misc.o(.text)
    NVIC_SetVectorTable                      0x08000891   Thumb Code    12  misc.o(.text)
    NVIC_SystemLPConfig                      0x0800089d   Thumb Code    38  misc.o(.text)
    SysTick_CLKSourceConfig                  0x080008c3   Thumb Code    40  misc.o(.text)
    USART_DeInit                             0x08000909   Thumb Code   146  stm32f10x_usart.o(.text)
    USART_Init                               0x0800099b   Thumb Code   150  stm32f10x_usart.o(.text)
    USART_StructInit                         0x08000a31   Thumb Code    24  stm32f10x_usart.o(.text)
    USART_ClockInit                          0x08000a49   Thumb Code    34  stm32f10x_usart.o(.text)
    USART_ClockStructInit                    0x08000a6b   Thumb Code    12  stm32f10x_usart.o(.text)
    USART_Cmd                                0x08000a77   Thumb Code    24  stm32f10x_usart.o(.text)
    USART_ITConfig                           0x08000a8f   Thumb Code    64  stm32f10x_usart.o(.text)
    USART_DMACmd                             0x08000acf   Thumb Code    24  stm32f10x_usart.o(.text)
    USART_SetAddress                         0x08000ae7   Thumb Code    18  stm32f10x_usart.o(.text)
    USART_WakeUpConfig                       0x08000af9   Thumb Code    18  stm32f10x_usart.o(.text)
    USART_ReceiverWakeUpCmd                  0x08000b0b   Thumb Code    24  stm32f10x_usart.o(.text)
    USART_LINBreakDetectLengthConfig         0x08000b23   Thumb Code    18  stm32f10x_usart.o(.text)
    USART_LINCmd                             0x08000b35   Thumb Code    24  stm32f10x_usart.o(.text)
    USART_SendData                           0x08000b4d   Thumb Code     8  stm32f10x_usart.o(.text)
    USART_ReceiveData                        0x08000b55   Thumb Code    10  stm32f10x_usart.o(.text)
    USART_SendBreak                          0x08000b5f   Thumb Code    10  stm32f10x_usart.o(.text)
    USART_SetGuardTime                       0x08000b69   Thumb Code    16  stm32f10x_usart.o(.text)
    USART_SetPrescaler                       0x08000b79   Thumb Code    16  stm32f10x_usart.o(.text)
    USART_SmartCardCmd                       0x08000b89   Thumb Code    24  stm32f10x_usart.o(.text)
    USART_SmartCardNACKCmd                   0x08000ba1   Thumb Code    24  stm32f10x_usart.o(.text)
    USART_HalfDuplexCmd                      0x08000bb9   Thumb Code    24  stm32f10x_usart.o(.text)
    USART_IrDAConfig                         0x08000bd1   Thumb Code    18  stm32f10x_usart.o(.text)
    USART_IrDACmd                            0x08000be3   Thumb Code    24  stm32f10x_usart.o(.text)
    USART_GetFlagStatus                      0x08000bfb   Thumb Code    18  stm32f10x_usart.o(.text)
    USART_ClearFlag                          0x08000c0d   Thumb Code     6  stm32f10x_usart.o(.text)
    USART_GetITStatus                        0x08000c13   Thumb Code    76  stm32f10x_usart.o(.text)
    USART_ClearITPendingBit                  0x08000c5f   Thumb Code    20  stm32f10x_usart.o(.text)
    RTC_ITConfig                             0x08000c81   Thumb Code    40  stm32f10x_rtc.o(.text)
    RTC_EnterConfigMode                      0x08000ca9   Thumb Code    16  stm32f10x_rtc.o(.text)
    RTC_ExitConfigMode                       0x08000cb9   Thumb Code    20  stm32f10x_rtc.o(.text)
    RTC_GetCounter                           0x08000ccd   Thumb Code    18  stm32f10x_rtc.o(.text)
    RTC_SetCounter                           0x08000cdf   Thumb Code    26  stm32f10x_rtc.o(.text)
    RTC_SetPrescaler                         0x08000cf9   Thumb Code    28  stm32f10x_rtc.o(.text)
    RTC_SetAlarm                             0x08000d15   Thumb Code    26  stm32f10x_rtc.o(.text)
    RTC_GetDivider                           0x08000d2f   Thumb Code    26  stm32f10x_rtc.o(.text)
    RTC_WaitForLastTask                      0x08000d49   Thumb Code    14  stm32f10x_rtc.o(.text)
    RTC_WaitForSynchro                       0x08000d57   Thumb Code    32  stm32f10x_rtc.o(.text)
    RTC_GetFlagStatus                        0x08000d77   Thumb Code    20  stm32f10x_rtc.o(.text)
    RTC_ClearFlag                            0x08000d8b   Thumb Code    22  stm32f10x_rtc.o(.text)
    RTC_GetITStatus                          0x08000da1   Thumb Code    34  stm32f10x_rtc.o(.text)
    RTC_ClearITPendingBit                    0x08000dc3   Thumb Code    22  stm32f10x_rtc.o(.text)
    PWR_DeInit                               0x08000df9   Thumb Code    22  stm32f10x_pwr.o(.text)
    PWR_BackupAccessCmd                      0x08000e0f   Thumb Code     6  stm32f10x_pwr.o(.text)
    PWR_PVDCmd                               0x08000e15   Thumb Code     6  stm32f10x_pwr.o(.text)
    PWR_PVDLevelConfig                       0x08000e1b   Thumb Code    18  stm32f10x_pwr.o(.text)
    PWR_WakeUpPinCmd                         0x08000e2d   Thumb Code     6  stm32f10x_pwr.o(.text)
    PWR_EnterSTOPMode                        0x08000e33   Thumb Code    46  stm32f10x_pwr.o(.text)
    PWR_EnterSTANDBYMode                     0x08000e61   Thumb Code    46  stm32f10x_pwr.o(.text)
    PWR_GetFlagStatus                        0x08000e8f   Thumb Code    20  stm32f10x_pwr.o(.text)
    PWR_ClearFlag                            0x08000ea3   Thumb Code    14  stm32f10x_pwr.o(.text)
    BKP_DeInit                               0x08000ec1   Thumb Code    16  stm32f10x_bkp.o(.text)
    BKP_TamperPinLevelConfig                 0x08000ed1   Thumb Code     6  stm32f10x_bkp.o(.text)
    BKP_TamperPinCmd                         0x08000ed7   Thumb Code     6  stm32f10x_bkp.o(.text)
    BKP_ITConfig                             0x08000edd   Thumb Code     6  stm32f10x_bkp.o(.text)
    BKP_RTCOutputConfig                      0x08000ee3   Thumb Code    28  stm32f10x_bkp.o(.text)
    BKP_SetRTCCalibrationValue               0x08000eff   Thumb Code    28  stm32f10x_bkp.o(.text)
    BKP_WriteBackupRegister                  0x08000f1b   Thumb Code    10  stm32f10x_bkp.o(.text)
    BKP_ReadBackupRegister                   0x08000f25   Thumb Code    12  stm32f10x_bkp.o(.text)
    BKP_GetFlagStatus                        0x08000f31   Thumb Code     8  stm32f10x_bkp.o(.text)
    BKP_ClearFlag                            0x08000f39   Thumb Code    16  stm32f10x_bkp.o(.text)
    BKP_GetITStatus                          0x08000f49   Thumb Code     8  stm32f10x_bkp.o(.text)
    BKP_ClearITPendingBit                    0x08000f51   Thumb Code    16  stm32f10x_bkp.o(.text)
    SPI_I2S_DeInit                           0x08000f81   Thumb Code    88  stm32f10x_spi.o(.text)
    SPI_Init                                 0x08000fd9   Thumb Code    60  stm32f10x_spi.o(.text)
    I2S_Init                                 0x08001015   Thumb Code   206  stm32f10x_spi.o(.text)
    SPI_StructInit                           0x080010e3   Thumb Code    24  stm32f10x_spi.o(.text)
    I2S_StructInit                           0x080010fb   Thumb Code    20  stm32f10x_spi.o(.text)
    SPI_Cmd                                  0x0800110f   Thumb Code    24  stm32f10x_spi.o(.text)
    I2S_Cmd                                  0x08001127   Thumb Code    24  stm32f10x_spi.o(.text)
    SPI_I2S_ITConfig                         0x0800113f   Thumb Code    36  stm32f10x_spi.o(.text)
    SPI_I2S_DMACmd                           0x08001163   Thumb Code    24  stm32f10x_spi.o(.text)
    SPI_I2S_SendData                         0x0800117b   Thumb Code     4  stm32f10x_spi.o(.text)
    SPI_I2S_ReceiveData                      0x0800117f   Thumb Code     6  stm32f10x_spi.o(.text)
    SPI_NSSInternalSoftwareConfig            0x08001185   Thumb Code    30  stm32f10x_spi.o(.text)
    SPI_SSOutputCmd                          0x080011a3   Thumb Code    24  stm32f10x_spi.o(.text)
    SPI_DataSizeConfig                       0x080011bb   Thumb Code    18  stm32f10x_spi.o(.text)
    SPI_TransmitCRC                          0x080011cd   Thumb Code    10  stm32f10x_spi.o(.text)
    SPI_CalculateCRC                         0x080011d7   Thumb Code    24  stm32f10x_spi.o(.text)
    SPI_GetCRC                               0x080011ef   Thumb Code    16  stm32f10x_spi.o(.text)
    SPI_GetCRCPolynomial                     0x080011ff   Thumb Code     6  stm32f10x_spi.o(.text)
    SPI_BiDirectionalLineConfig              0x08001205   Thumb Code    28  stm32f10x_spi.o(.text)
    SPI_I2S_GetFlagStatus                    0x08001221   Thumb Code    18  stm32f10x_spi.o(.text)
    SPI_I2S_ClearFlag                        0x08001233   Thumb Code     6  stm32f10x_spi.o(.text)
    SPI_I2S_GetITStatus                      0x08001239   Thumb Code    52  stm32f10x_spi.o(.text)
    SPI_I2S_ClearITPendingBit                0x0800126d   Thumb Code    20  stm32f10x_spi.o(.text)
    SystemInit                               0x08001353   Thumb Code    68  system_stm32f10x.o(.text)
    SystemInit_ExtMemCtl                     0x080013a9   Thumb Code     2  startup_stm32f10x_hd.o(.text)
    Reset_Handler                            0x080013ab   Thumb Code    14  startup_stm32f10x_hd.o(.text)
    ADC1_2_IRQHandler                        0x080013cb   Thumb Code     0  startup_stm32f10x_hd.o(.text)
    ADC3_IRQHandler                          0x080013cb   Thumb Code     0  startup_stm32f10x_hd.o(.text)
    CAN1_RX1_IRQHandler                      0x080013cb   Thumb Code     0  startup_stm32f10x_hd.o(.text)
    CAN1_SCE_IRQHandler                      0x080013cb   Thumb Code     0  startup_stm32f10x_hd.o(.text)
    DMA1_Channel1_IRQHandler                 0x080013cb   Thumb Code     0  startup_stm32f10x_hd.o(.text)
    DMA1_Channel2_IRQHandler                 0x080013cb   Thumb Code     0  startup_stm32f10x_hd.o(.text)
    DMA1_Channel3_IRQHandler                 0x080013cb   Thumb Code     0  startup_stm32f10x_hd.o(.text)
    DMA1_Channel4_IRQHandler                 0x080013cb   Thumb Code     0  startup_stm32f10x_hd.o(.text)
    DMA1_Channel5_IRQHandler                 0x080013cb   Thumb Code     0  startup_stm32f10x_hd.o(.text)
    DMA1_Channel6_IRQHandler                 0x080013cb   Thumb Code     0  startup_stm32f10x_hd.o(.text)
    DMA1_Channel7_IRQHandler                 0x080013cb   Thumb Code     0  startup_stm32f10x_hd.o(.text)
    DMA2_Channel1_IRQHandler                 0x080013cb   Thumb Code     0  startup_stm32f10x_hd.o(.text)
    DMA2_Channel2_IRQHandler                 0x080013cb   Thumb Code     0  startup_stm32f10x_hd.o(.text)
    DMA2_Channel3_IRQHandler                 0x080013cb   Thumb Code     0  startup_stm32f10x_hd.o(.text)
    DMA2_Channel4_5_IRQHandler               0x080013cb   Thumb Code     0  startup_stm32f10x_hd.o(.text)
    EXTI0_IRQHandler                         0x080013cb   Thumb Code     0  startup_stm32f10x_hd.o(.text)
    EXTI15_10_IRQHandler                     0x080013cb   Thumb Code     0  startup_stm32f10x_hd.o(.text)
    EXTI1_IRQHandler                         0x080013cb   Thumb Code     0  startup_stm32f10x_hd.o(.text)
    EXTI2_IRQHandler                         0x080013cb   Thumb Code     0  startup_stm32f10x_hd.o(.text)
    EXTI3_IRQHandler                         0x080013cb   Thumb Code     0  startup_stm32f10x_hd.o(.text)
    EXTI4_IRQHandler                         0x080013cb   Thumb Code     0  startup_stm32f10x_hd.o(.text)
    EXTI9_5_IRQHandler                       0x080013cb   Thumb Code     0  startup_stm32f10x_hd.o(.text)
    FLASH_IRQHandler                         0x080013cb   Thumb Code     0  startup_stm32f10x_hd.o(.text)
    FSMC_IRQHandler                          0x080013cb   Thumb Code     0  startup_stm32f10x_hd.o(.text)
    I2C1_ER_IRQHandler                       0x080013cb   Thumb Code     0  startup_stm32f10x_hd.o(.text)
    I2C1_EV_IRQHandler                       0x080013cb   Thumb Code     0  startup_stm32f10x_hd.o(.text)
    I2C2_ER_IRQHandler                       0x080013cb   Thumb Code     0  startup_stm32f10x_hd.o(.text)
    I2C2_EV_IRQHandler                       0x080013cb   Thumb Code     0  startup_stm32f10x_hd.o(.text)
    PVD_IRQHandler                           0x080013cb   Thumb Code     0  startup_stm32f10x_hd.o(.text)
    RCC_IRQHandler                           0x080013cb   Thumb Code     0  startup_stm32f10x_hd.o(.text)
    RTCAlarm_IRQHandler                      0x080013cb   Thumb Code     0  startup_stm32f10x_hd.o(.text)
    SDIO_IRQHandler                          0x080013cb   Thumb Code     0  startup_stm32f10x_hd.o(.text)
    SPI1_IRQHandler                          0x080013cb   Thumb Code     0  startup_stm32f10x_hd.o(.text)
    SPI2_IRQHandler                          0x080013cb   Thumb Code     0  startup_stm32f10x_hd.o(.text)
    SPI3_IRQHandler                          0x080013cb   Thumb Code     0  startup_stm32f10x_hd.o(.text)
    TAMPER_IRQHandler                        0x080013cb   Thumb Code     0  startup_stm32f10x_hd.o(.text)
    TIM1_BRK_IRQHandler                      0x080013cb   Thumb Code     0  startup_stm32f10x_hd.o(.text)
    TIM1_CC_IRQHandler                       0x080013cb   Thumb Code     0  startup_stm32f10x_hd.o(.text)
    TIM1_TRG_COM_IRQHandler                  0x080013cb   Thumb Code     0  startup_stm32f10x_hd.o(.text)
    TIM1_UP_IRQHandler                       0x080013cb   Thumb Code     0  startup_stm32f10x_hd.o(.text)
    TIM2_IRQHandler                          0x080013cb   Thumb Code     0  startup_stm32f10x_hd.o(.text)
    TIM3_IRQHandler                          0x080013cb   Thumb Code     0  startup_stm32f10x_hd.o(.text)
    TIM4_IRQHandler                          0x080013cb   Thumb Code     0  startup_stm32f10x_hd.o(.text)
    TIM5_IRQHandler                          0x080013cb   Thumb Code     0  startup_stm32f10x_hd.o(.text)
    TIM7_IRQHandler                          0x080013cb   Thumb Code     0  startup_stm32f10x_hd.o(.text)
    TIM8_BRK_IRQHandler                      0x080013cb   Thumb Code     0  startup_stm32f10x_hd.o(.text)
    TIM8_CC_IRQHandler                       0x080013cb   Thumb Code     0  startup_stm32f10x_hd.o(.text)
    TIM8_TRG_COM_IRQHandler                  0x080013cb   Thumb Code     0  startup_stm32f10x_hd.o(.text)
    TIM8_UP_IRQHandler                       0x080013cb   Thumb Code     0  startup_stm32f10x_hd.o(.text)
    USART2_IRQHandler                        0x080013cb   Thumb Code     0  startup_stm32f10x_hd.o(.text)
    USBWakeUp_IRQHandler                     0x080013cb   Thumb Code     0  startup_stm32f10x_hd.o(.text)
    USB_HP_CAN1_TX_IRQHandler                0x080013cb   Thumb Code     0  startup_stm32f10x_hd.o(.text)
    USB_LP_CAN1_RX0_IRQHandler               0x080013cb   Thumb Code     0  startup_stm32f10x_hd.o(.text)
    WWDG_IRQHandler                          0x080013cb   Thumb Code     0  startup_stm32f10x_hd.o(.text)
    IWDG_Init                                0x080013d9   Thumb Code    28  main.o(.text)
    IWDG_Feed                                0x080013f5   Thumb Code    10  main.o(.text)
    Init_Tim6                                0x080013ff   Thumb Code    88  main.o(.text)
    GPIO_Configuration                       0x08001457   Thumb Code   264  main.o(.text)
    Initialize                               0x0800155f   Thumb Code   308  main.o(.text)
    main                                     0x08001693   Thumb Code   434  main.o(.text)
    RTC_Configuration                        0x08001845   Thumb Code   186  main.o(.text)
    NMI_Handler                              0x08001905   Thumb Code     2  stm32f10x_it.o(.text)
    HardFault_Handler                        0x08001907   Thumb Code     4  stm32f10x_it.o(.text)
    MemManage_Handler                        0x0800190b   Thumb Code     4  stm32f10x_it.o(.text)
    BusFault_Handler                         0x0800190f   Thumb Code     4  stm32f10x_it.o(.text)
    UsageFault_Handler                       0x08001913   Thumb Code     4  stm32f10x_it.o(.text)
    SVC_Handler                              0x08001917   Thumb Code     2  stm32f10x_it.o(.text)
    DebugMon_Handler                         0x08001919   Thumb Code     2  stm32f10x_it.o(.text)
    PendSV_Handler                           0x0800191b   Thumb Code     2  stm32f10x_it.o(.text)
    OneSecond_Handler                        0x0800191d   Thumb Code   450  stm32f10x_it.o(.text)
    SysTick_Handler                          0x08001adf   Thumb Code   106  stm32f10x_it.o(.text)
    TIM6_IRQHandler                          0x08001b49   Thumb Code    26  stm32f10x_it.o(.text)
    USART1_IRQHandler                        0x08001b63   Thumb Code   100  stm32f10x_it.o(.text)
    USART3_IRQHandler                        0x08001bc7   Thumb Code    78  stm32f10x_it.o(.text)
    UART4_IRQHandler                         0x08001c15   Thumb Code    72  stm32f10x_it.o(.text)
    UART5_IRQHandler                         0x08001c5d   Thumb Code    46  stm32f10x_it.o(.text)
    RTC_IRQHandler                           0x08001c8b   Thumb Code   610  stm32f10x_it.o(.text)
    U32_To_Char                              0x08001f21   Thumb Code   314  calculation.o(.text)
    Data_CRC                                 0x0800205b   Thumb Code   256  calculation.o(.text)
    CRC16                                    0x0800215b   Thumb Code    48  calculation.o(.text)
    Cu8_To_Char                              0x0800218b   Thumb Code    54  calculation.o(.text)
    Cu32_To_Char                             0x080021c1   Thumb Code   208  calculation.o(.text)
    u8_to_char                               0x08002291   Thumb Code    30  calculation.o(.text)
    u32_to_decimalist                        0x080022af   Thumb Code   334  calculation.o(.text)
    Check_Data                               0x080023fd   Thumb Code   118  calculation.o(.text)
    u16_char                                 0x08002473   Thumb Code   108  calculation.o(.text)
    uiCrc16Cal                               0x080024df   Thumb Code    58  calculation.o(.text)
    Char_Compare                             0x08002519   Thumb Code    38  calculation.o(.text)
    IsChar                                   0x0800253f   Thumb Code    38  calculation.o(.text)
    spi1_configuration                       0x0800256d   Thumb Code   142  spi.o(.text)
    SPIx_SetSpeed                            0x080025fb   Thumb Code    86  spi.o(.text)
    SPIx_ReadWriteByte                       0x08002651   Thumb Code    78  spi.o(.text)
    SPI_Flash_ReadSR                         0x080026a9   Thumb Code    38  flash.o(.text)
    SPI_FLASH_Write_SR                       0x080026cf   Thumb Code    34  flash.o(.text)
    SPI_FLASH_Write_Enable                   0x080026f1   Thumb Code    26  flash.o(.text)
    SPI_FLASH_Write_Disable                  0x0800270b   Thumb Code    26  flash.o(.text)
    SPI_Flash_ReadID                         0x08002725   Thumb Code    66  flash.o(.text)
    SPI_Flash_Read                           0x08002767   Thumb Code    78  flash.o(.text)
    SPI_Flash_Wait_Busy                      0x080027b5   Thumb Code    18  flash.o(.text)
    SPI_Flash_Write_Page                     0x080027c7   Thumb Code    84  flash.o(.text)
    SPI_Flash_Write_NoCheck                  0x0800281b   Thumb Code    70  flash.o(.text)
    SPI_Flash_Erase_Sector                   0x08002861   Thumb Code    64  flash.o(.text)
    SPI_Flash_Write                          0x080028a1   Thumb Code   176  flash.o(.text)
    SPI_Flash_Erase_Chip                     0x08002951   Thumb Code    38  flash.o(.text)
    SPI_Flash_PowerDown                      0x08002977   Thumb Code    26  flash.o(.text)
    SPI_Flash_WAKEUP                         0x08002991   Thumb Code    26  flash.o(.text)
    Input_Edge                               0x080029b5   Thumb Code   250  input.o(.text)
    Input_InputStateCollect                  0x08002aaf   Thumb Code   358  input.o(.text)
    MJ_KMCounter                             0x08002c15   Thumb Code   166  input.o(.text)
    USART1_Configuration                     0x08002d91   Thumb Code   160  serial1.o(.text)
    USART1_SendDW                            0x08002e31   Thumb Code    56  serial1.o(.text)
    USART1_SendDA                            0x08002e69   Thumb Code    68  serial1.o(.text)
    USART1_ReceiveDA                         0x08002ead   Thumb Code    52  serial1.o(.text)
    USART1_ReceiveDW                         0x08002ee1   Thumb Code  1766  serial1.o(.text)
    Nul_MuJuCount                            0x080035c7   Thumb Code    24  serial1.o(.text)
    USART1_SendError                         0x080035df   Thumb Code    76  serial1.o(.text)
    USART1_ReadURFID                         0x0800362b   Thumb Code    36  serial1.o(.text)
    URFID_Timer1S                            0x0800364f   Thumb Code   154  serial1.o(.text)
    No_SpecialChar                           0x080036e9   Thumb Code    56  serial1.o(.text)
    UART4_Configuration                      0x0800372d   Thumb Code   160  serial4.o(.text)
    UART4_ReceiveDA                          0x080037cd   Thumb Code   224  serial4.o(.text)
    UART4_ReceiveDW                          0x080038ad   Thumb Code   550  serial4.o(.text)
    YuanGong_Online                          0x08003ad3   Thumb Code    18  serial4.o(.text)
    USART3_Configuration                     0x08003b39   Thumb Code   176  serial3.o(.text)
    USART3_SendDA                            0x08003be9   Thumb Code    70  serial3.o(.text)
    USART3_SendDW                            0x08003c2f   Thumb Code    62  serial3.o(.text)
    USART3_ReceiveDA                         0x08003c6d   Thumb Code   160  serial3.o(.text)
    Clear_RxBuffer                           0x08003d0d   Thumb Code    20  serial3.o(.text)
    Communicate_Computer                     0x08003d21   Thumb Code   462  serial3.o(.text)
    Send_Error                               0x08003eef   Thumb Code    42  serial3.o(.text)
    Send_MACHINE_TYPE                        0x08003f19   Thumb Code    96  serial3.o(.text)
    Send_Address                             0x08003f79   Thumb Code    44  serial3.o(.text)
    Send_MMYY                                0x08003fa5   Thumb Code    34  serial3.o(.text)
    SendYGCode                               0x08003fc7   Thumb Code    64  serial3.o(.text)
    SendMJCode                               0x08004007   Thumb Code    64  serial3.o(.text)
    USART3_ReceiveDW                         0x08004047   Thumb Code  1102  serial3.o(.text)
    Change_TxBuffer                          0x08004495   Thumb Code    86  serial3.o(.text)
    Send_RGXX_Time                           0x080044eb   Thumb Code   286  serial3.o(.text)
    Send_QC_ZhuXiao                          0x08004609   Thumb Code   160  serial3.o(.text)
    Send_QC_ChengFen                         0x080046a9   Thumb Code   162  serial3.o(.text)
    Send_QCBad_QiTa                          0x0800474b   Thumb Code   254  serial3.o(.text)
    Send_QCBad_HeiYin                        0x08004849   Thumb Code   164  serial3.o(.text)
    Send_QCBad_ChiChen                       0x080048ed   Thumb Code   164  serial3.o(.text)
    Send_QCBad_JiTan                         0x08004991   Thumb Code   164  serial3.o(.text)
    Send_QCBad_LuGuan                        0x08004a35   Thumb Code   164  serial3.o(.text)
    Send_QCBad_QiPao                         0x08004ad9   Thumb Code   164  serial3.o(.text)
    Send_QCBad_BengQue                       0x08004b7d   Thumb Code   200  serial3.o(.text)
    Send_QCBad_BianXing                      0x08004c45   Thumb Code   164  serial3.o(.text)
    Send_QCBad_LengGe                        0x08004ce9   Thumb Code   164  serial3.o(.text)
    Send_QCBad_ShaKong                       0x08004d8d   Thumb Code   164  serial3.o(.text)
    Send_QCBad_LaMo                          0x08004e31   Thumb Code   164  serial3.o(.text)
    Send_QCBad_QianZhu                       0x08004ed5   Thumb Code   164  serial3.o(.text)
    Send_QC_PassWord                         0x08004f79   Thumb Code   164  serial3.o(.text)
    Send_QC_Name                             0x0800501d   Thumb Code   202  serial3.o(.text)
    Send_XTRL_Time                           0x080050e7   Thumb Code   112  serial3.o(.text)
    Send_Mould_Defect                        0x08005157   Thumb Code   164  serial3.o(.text)
    Send_QC_Input_Data                       0x080051fb   Thumb Code   194  serial3.o(.text)
    Send_MJ_Code                             0x080052bd   Thumb Code   218  serial3.o(.text)
    Send_AMR                                 0x08005397   Thumb Code   114  serial3.o(.text)
    Send_ETH                                 0x08005409   Thumb Code  3532  serial3.o(.text)
    Receive_ETH                              0x080061d5   Thumb Code    50  serial3.o(.text)
    Send_MJCode                              0x08006207   Thumb Code   200  serial3.o(.text)
    Send_MoJuYiKai                           0x080062cf   Thumb Code   212  serial3.o(.text)
    Reset_Mag                                0x080063a3   Thumb Code    78  serial3.o(.text)
    Init_Serial5                             0x0800641d   Thumb Code   156  serial5.o(.text)
    USART5_Send                              0x080064b9   Thumb Code    72  serial5.o(.text)
    USART5_Receive                           0x08006501   Thumb Code    68  serial5.o(.text)
    Serial5_DW                               0x08006545   Thumb Code  1830  serial5.o(.text)
    HMI_Touch_Data                           0x08006c6b   Thumb Code   348  serial5.o(.text)
    USART5_RxDW                              0x08006dc7   Thumb Code  1994  serial5.o(.text)
    Printf_StoreBuffeeData                   0x080075a5   Thumb Code    68  printf.o(.text)
    fputc                                    0x080075e9   Thumb Code    16  printf.o(.text)
    Printf_Send                              0x080075f9   Thumb Code    74  printf.o(.text)
    User_Timer1s                             0x08007659   Thumb Code    22  user.o(.text)
    User_Timer1sClear                        0x0800766f   Thumb Code     8  user.o(.text)
    User_GetTimer1sValue                     0x08007677   Thumb Code     6  user.o(.text)
    User_SetTimer1sValue                     0x0800767d   Thumb Code     6  user.o(.text)
    LED_main                                 0x08007683   Thumb Code    88  user.o(.text)
    LED_ON                                   0x080076db   Thumb Code    28  user.o(.text)
    LED_OFF                                  0x080076f7   Thumb Code    24  user.o(.text)
    Communicate_SetOff                       0x0800770f   Thumb Code    22  user.o(.text)
    Communictae_Check                        0x08007725   Thumb Code   254  user.o(.text)
    Communicate_timer                        0x08007823   Thumb Code    44  user.o(.text)
    Communicate_SetOn                        0x0800784f   Thumb Code    18  user.o(.text)
    Clera_Timer1                             0x08007861   Thumb Code     8  user.o(.text)
    Communicate_SaveData                     0x08007869   Thumb Code    32  user.o(.text)
    Communicate_Star                         0x08007889   Thumb Code    32  user.o(.text)
    Communicate_StarON                       0x080078a9   Thumb Code    38  user.o(.text)
    __aeabi_uldivmod                         0x080078f5   Thumb Code   102  uldiv.o(.text)
    __scatterload                            0x0800795d   Thumb Code    28  init.o(.text)
    __scatterload_rt2                        0x0800795d   Thumb Code     0  init.o(.text)
    __aeabi_llsl                             0x08007981   Thumb Code    30  llshl.o(.text)
    _ll_shift_l                              0x08007981   Thumb Code     0  llshl.o(.text)
    __aeabi_llsr                             0x0800799f   Thumb Code    32  llushr.o(.text)
    _ll_ushift_r                             0x0800799f   Thumb Code     0  llushr.o(.text)
    __decompress                             0x080079bf   Thumb Code     0  __dczerorl2.o(.text)
    __decompress1                            0x080079bf   Thumb Code    92  __dczerorl2.o(.text)
    __0printf$5                              0x08007a1d   Thumb Code    22  printf5.o(i.__0printf$5)
    __1printf$5                              0x08007a1d   Thumb Code     0  printf5.o(i.__0printf$5)
    __2printf                                0x08007a1d   Thumb Code     0  printf5.o(i.__0printf$5)
    __scatterload_copy                       0x08007a3d   Thumb Code    14  handlers.o(i.__scatterload_copy)
    __scatterload_null                       0x08007a4b   Thumb Code     2  handlers.o(i.__scatterload_null)
    __scatterload_zeroinit                   0x08007a4d   Thumb Code    14  handlers.o(i.__scatterload_zeroinit)
    SystemFrequency                          0x08007d20   Data           4  system_stm32f10x.o(.constdata)
    SystemFrequency_SysClk                   0x08007d24   Data           4  system_stm32f10x.o(.constdata)
    SystemFrequency_AHBClk                   0x08007d28   Data           4  system_stm32f10x.o(.constdata)
    SystemFrequency_APB1Clk                  0x08007d2c   Data           4  system_stm32f10x.o(.constdata)
    SystemFrequency_APB2Clk                  0x08007d30   Data           4  system_stm32f10x.o(.constdata)
    Region$$Table$$Base                      0x08007d34   Number         0  anon$$obj.o(Region$$Table)
    Region$$Table$$Limit                     0x08007d54   Number         0  anon$$obj.o(Region$$Table)
    RUN_MODE                                 0x20000014   Data           2  main.o(.data)
    ADDRESS                                  0x20000016   Data           3  main.o(.data)
    MACHINE_TYPE                             0x20000019   Data           2  main.o(.data)
    RUN_STATE                                0x2000001b   Data           1  main.o(.data)
    Code_Mode                                0x2000001c   Data           1  main.o(.data)
    Command                                  0x2000001d   Data           3  main.o(.data)
    YG_CodeLend                              0x20000020   Data           1  main.o(.data)
    YG_Code                                  0x20000021   Data          11  main.o(.data)
    MJ_CodeLend                              0x2000002c   Data           1  main.o(.data)
    MJ_Code                                  0x2000002d   Data          11  main.o(.data)
    MJ_Counter                               0x20000038   Data           6  main.o(.data)
    MJ_Timing                                0x2000003e   Data           6  main.o(.data)
    MO_Time                                  0x20000044   Data           6  main.o(.data)
    YG_Time                                  0x2000004a   Data           6  main.o(.data)
    DataIn                                   0x20000050   Data           2  main.o(.data)
    Output                                   0x20000052   Data           1  main.o(.data)
    Time_Count                               0x20000054   Data           2  main.o(.data)
    RTC_Blank                                0x20000056   Data           1  main.o(.data)
    DeviceID                                 0x20000058   Data           4  main.o(.data)
    Address                                  0x2000005c   Data           2  main.o(.data)
    MJ_Cnt                                   0x20000060   Data           4  main.o(.data)
    MJ_Tim                                   0x20000064   Data           4  main.o(.data)
    YG_Cnt                                   0x20000068   Data           4  main.o(.data)
    YG_Tim                                   0x2000006c   Data           4  main.o(.data)
    XT_ONTime                                0x20000070   Data           4  main.o(.data)
    RL_ONTime                                0x20000074   Data           4  main.o(.data)
    SYS_Timer                                0x20000078   Data           4  main.o(.data)
    Run_Flag                                 0x2000007c   Data           1  main.o(.data)
    CPU_Reset_Time_Flag                      0x2000007d   Data           1  main.o(.data)
    YG_NameLend                              0x2000007e   Data           1  main.o(.data)
    YG_Name                                  0x2000007f   Data          10  main.o(.data)
    RUN_STATE_01                             0x20000089   Data           1  main.o(.data)
    Mode_STATE                               0x2000008a   Data           1  main.o(.data)
    CPU_Reset_Time                           0x2000008c   Data           4  main.o(.data)
    Heart_Counter                            0x20000090   Data           2  stm32f10x_it.o(.data)
    minute                                   0x20000092   Data           1  stm32f10x_it.o(.data)
    SYS_OnTime                               0x20000094   Data           4  stm32f10x_it.o(.data)
    Machine_Timer                            0x20000098   Data           4  stm32f10x_it.o(.data)
    uhfCard_Timer                            0x2000009c   Data           1  stm32f10x_it.o(.data)
    tim_x                                    0x2000009e   Data           2  stm32f10x_it.o(.data)
    Input_Flag                               0x200002a0   Data           1  input.o(.data)
    Input_Timer                              0x200002a1   Data           1  input.o(.data)
    Input1_Cnt                               0x200002a2   Data           1  input.o(.data)
    Input13_Cnt                              0x200002a3   Data           1  input.o(.data)
    Input14_Cnt                              0x200002a4   Data           1  input.o(.data)
    Input4_Cnt                               0x200002a5   Data           1  input.o(.data)
    Input_State                              0x200002a6   Data           2  input.o(.data)
    Old_Input_State                          0x200002a8   Data           2  input.o(.data)
    Input_Rising_Edge                        0x200002aa   Data           2  input.o(.data)
    Input_Falling_Edge                       0x200002ac   Data           2  input.o(.data)
    Old_Flag                                 0x200002ae   Data           1  input.o(.data)
    Flag                                     0x200002af   Data           1  input.o(.data)
    Input2_LowLevel_Flag                     0x200002b0   Data           1  input.o(.data)
    Input2_HighLevel_Flag                    0x200002b1   Data           1  input.o(.data)
    Input3_LowLevel_Flag                     0x200002b2   Data           1  input.o(.data)
    Input3_HighLevel_Flag                    0x200002b3   Data           1  input.o(.data)
    Input4_LowLevel_Flag                     0x200002b4   Data           1  input.o(.data)
    Input4_HighLevel_Flag                    0x200002b5   Data           1  input.o(.data)
    Auto_Flag                                0x200002b6   Data           1  input.o(.data)
    doorOpenTimer                            0x200002b7   Data           1  input.o(.data)
    doorCloseTimer                           0x200002b8   Data           1  input.o(.data)
    doorOpenFlag                             0x200002b9   Data           1  input.o(.data)
    doorCloseFlag                            0x200002ba   Data           1  input.o(.data)
    doorCloseCounter                         0x200002bc   Data           4  input.o(.data)
    doorOpenCounter                          0x200002c0   Data           4  input.o(.data)
    disturbDoorOpen                          0x200002c4   Data           1  input.o(.data)
    doorOpenCS                               0x200002c5   Data           1  input.o(.data)
    Timer                                    0x200002c6   Data           1  input.o(.data)
    AutoMode_Flag                            0x200002c7   Data           1  input.o(.data)
    SemiAutoMode_Flag                        0x200002c8   Data           1  input.o(.data)
    ManualMode_Flag                          0x200002c9   Data           1  input.o(.data)
    USART1_RxCounter                         0x200002ca   Data           1  serial1.o(.data)
    USART1_RX_Timer                          0x200002cb   Data           1  serial1.o(.data)
    NOT_URFID_data                           0x200002cc   Data           2  serial1.o(.data)
    New_MJ_Counter                           0x200002ce   Data           2  serial1.o(.data)
    New_MJ_CodeLend                          0x200002d0   Data           1  serial1.o(.data)
    UHRFID_Flag                              0x200002d1   Data           1  serial1.o(.data)
    UHRFID_New_Timer                         0x200002d2   Data           1  serial1.o(.data)
    USART1_Flag                              0x200002d3   Data           1  serial1.o(.data)
    USART1_TxLen                             0x200002d4   Data           1  serial1.o(.data)
    USART1_TxCounter                         0x200002d5   Data           1  serial1.o(.data)
    Old_MJ_CodeLend                          0x200002d6   Data           1  serial1.o(.data)
    New_Nul_MuJu                             0x200002d8   Data           2  serial1.o(.data)
    UART4_Flag                               0x200002da   Data           1  serial4.o(.data)
    UART4_RxCounter                          0x200002db   Data           1  serial4.o(.data)
    UART4_RX_Timer                           0x200002dc   Data           1  serial4.o(.data)
    UART4_RXFLAG                             0x200002dd   Data           1  serial4.o(.data)
    UART4_RXNEXT                             0x200002de   Data           1  serial4.o(.data)
    YGTM_Flag                                0x200002df   Data           1  serial4.o(.data)
    New_YG_CodeLend                          0x200002e0   Data           1  serial4.o(.data)
    YUANGONG                                 0x200002e1   Data           1  serial4.o(.data)
    YUANGONG_TIME                            0x200002e2   Data           1  serial4.o(.data)
    Old_New_Flag                             0x200002e3   Data           1  serial4.o(.data)
    USART3_SendWorld                         0x200002e4   Data           1  serial3.o(.data)
    USART3_Flag                              0x200002e5   Data           1  serial3.o(.data)
    USART3_RxCounter                         0x200002e6   Data           1  serial3.o(.data)
    Heart_RxCounter                          0x200002e7   Data           1  serial3.o(.data)
    Heart_World                              0x200002e8   Data           1  serial3.o(.data)
    USART3_TxLen                             0x200002e9   Data           1  serial3.o(.data)
    USART3_TxCounter                         0x200002ea   Data           1  serial3.o(.data)
    Working_Type                             0x200002eb   Data           2  serial5.o(.data)
    Working_Process                          0x200002ed   Data           2  serial5.o(.data)
    On_Duty_Flag                             0x200002ef   Data           1  serial5.o(.data)
    QC_Input_Data                            0x200002f0   Data          10  serial5.o(.data)
    Mould_Defect                             0x200002fa   Data          32  serial5.o(.data)
    QC_Name                                  0x2000031a   Data           2  serial5.o(.data)
    QC_PassWord                              0x2000031c   Data           2  serial5.o(.data)
    QCBad_QianZhu                            0x2000031e   Data           4  serial5.o(.data)
    QCBad_LaMo                               0x20000322   Data           4  serial5.o(.data)
    QCBad_ShaKong                            0x20000326   Data           4  serial5.o(.data)
    QCBad_LengGe                             0x2000032a   Data           4  serial5.o(.data)
    QCBad_BianXing                           0x2000032e   Data           4  serial5.o(.data)
    QCBad_BengQue                            0x20000332   Data           4  serial5.o(.data)
    QCBad_QiPao                              0x20000336   Data           4  serial5.o(.data)
    QCBad_LuGuan                             0x2000033a   Data           4  serial5.o(.data)
    QCBad_JiTan                              0x2000033e   Data           4  serial5.o(.data)
    QCBad_ChiChen                            0x20000342   Data           4  serial5.o(.data)
    QCBad_HeiYin                             0x20000346   Data           4  serial5.o(.data)
    QCBad_QiTa                               0x2000034a   Data           4  serial5.o(.data)
    QC_ChengFen                              0x2000034e   Data          10  serial5.o(.data)
    UAT5_FLAG                                0x20000358   Data           1  serial5.o(.data)
    Work_Status_Flag                         0x20000359   Data           1  serial5.o(.data)
    Online_Status                            0x2000035a   Data           1  serial5.o(.data)
    UHRFID_Manual_Input_Flag                 0x2000035b   Data           1  serial5.o(.data)
    Send_Flag                                0x2000035c   Data           1  serial5.o(.data)
    RUN_WORD                                 0x2000035d   Data           1  serial5.o(.data)
    i                                        0x2000035e   Data           1  serial5.o(.data)
    Printf_TxSendPoint                       0x2000035f   Data           1  printf.o(.data)
    Printf_TxStorePoint                      0x20000360   Data           1  printf.o(.data)
    Printf_TxBufferLend                      0x20000361   Data           1  printf.o(.data)
    Input_Structure                          0x20000364   Data           8  user.o(.data)
    LED_Struct                               0x2000036c   Data           4  user.o(.data)
    Ethernet_Time_Count                      0x20000370   Data           4  user.o(.data)
    Ethernet_Reset_Count                     0x20000374   Data           1  user.o(.data)
    __stdout                                 0x20000378   Data           4  stdout.o(.data)
    SPI_FLASH_BUF                            0x2000037c   Data        4096  flash.o(.bss)
    USART1_TxBuffer                          0x2000137c   Data         255  serial1.o(.bss)
    USART1_RxBuffer                          0x2000147b   Data          42  serial1.o(.bss)
    New_MJ_Code                              0x200014a5   Data          25  serial1.o(.bss)
    New_MoJu                                 0x200014c0   Data          44  serial1.o(.bss)
    Old_MoJu                                 0x200014ec   Data          44  serial1.o(.bss)
    Nul_MoJu                                 0x20001518   Data          44  serial1.o(.bss)
    Old_MJ_Code                              0x20001544   Data          30  serial1.o(.bss)
    UART4_RxBuffer                           0x20001562   Data          32  serial4.o(.bss)
    New_YG_Code                              0x20001582   Data          20  serial4.o(.bss)
    USART3_TxBuffer                          0x20001596   Data         255  serial3.o(.bss)
    USART3_RxBuffer                          0x20001695   Data         255  serial3.o(.bss)
    JOB                                      0x20001794   Data          72  serial3.o(.bss)
    Serial5                                  0x200017dc   Data         306  serial5.o(.bss)
    Printf_TxBuffer                          0x2000190e   Data         200  printf.o(.bss)
    Machine_Structure                        0x200019d8   Data          16  user.o(.bss)
    comm_str                                 0x200019e8   Data         268  user.o(.bss)
    __initial_sp                             0x20001cf8   Data           0  startup_stm32f10x_hd.o(STACK)



==============================================================================

Memory Map of the image

  Image Entry point : 0x08000131

  Load Region LR_IROM1 (Base: 0x08000000, Size: 0x000080d0, Max: 0x00040000, ABSOLUTE, COMPRESSED[0x00007ec0])

    Execution Region ER_IROM1 (Base: 0x08000000, Size: 0x00007d54, Max: 0x00040000, ABSOLUTE)

    Base Addr    Size         Type   Attr      Idx    E Section Name        Object

    0x08000000   0x00000130   Data   RO          208    RESET               startup_stm32f10x_hd.o
    0x08000130   0x00000000   Code   RO          487  * .ARM.Collect$$$$00000000  mc_w.l(entry.o)
    0x08000130   0x00000004   Code   RO          751    .ARM.Collect$$$$00000001  mc_w.l(entry2.o)
    0x08000134   0x00000004   Code   RO          754    .ARM.Collect$$$$00000004  mc_w.l(entry5.o)
    0x08000138   0x00000008   Code   RO          755    .ARM.Collect$$$$00000007  mc_w.l(entry7.o)
    0x08000140   0x00000004   Code   RO          752    .ARM.Collect$$$$00002712  mc_w.l(entry2.o)
    0x08000144   0x0000032c   Code   RO            1    .text               stm32f10x_gpio.o
    0x08000470   0x000003a0   Code   RO           76    .text               stm32f10x_rcc.o
    0x08000810   0x000000f8   Code   RO           90    .text               misc.o
    0x08000908   0x00000378   Code   RO          102    .text               stm32f10x_usart.o
    0x08000c80   0x00000178   Code   RO          114    .text               stm32f10x_rtc.o
    0x08000df8   0x000000c8   Code   RO          126    .text               stm32f10x_pwr.o
    0x08000ec0   0x000000c0   Code   RO          138    .text               stm32f10x_bkp.o
    0x08000f80   0x00000304   Code   RO          150    .text               stm32f10x_spi.o
    0x08001284   0x00000124   Code   RO          173    .text               system_stm32f10x.o
    0x080013a8   0x00000030   Code   RO          209    .text               startup_stm32f10x_hd.o
    0x080013d8   0x0000052c   Code   RO          213    .text               main.o
    0x08001904   0x0000061c   Code   RO          258    .text               stm32f10x_it.o
    0x08001f20   0x0000064c   Code   RO          277    .text               calculation.o
    0x0800256c   0x0000013c   Code   RO          292    .text               spi.o
    0x080026a8   0x0000030c   Code   RO          304    .text               flash.o
    0x080029b4   0x000003dc   Code   RO          319    .text               input.o
    0x08002d90   0x0000099c   Code   RO          350    .text               serial1.o
    0x0800372c   0x0000040c   Code   RO          370    .text               serial4.o
    0x08003b38   0x000028e4   Code   RO          390    .text               serial3.o
    0x0800641c   0x00001188   Code   RO          416    .text               serial5.o
    0x080075a4   0x000000b4   Code   RO          436    .text               printf.o
    0x08007658   0x0000029c   Code   RO          467    .text               user.o
    0x080078f4   0x00000066   Code   RO          759    .text               mc_w.l(uldiv.o)
    0x0800795a   0x00000002   PAD
    0x0800795c   0x00000024   Code   RO          772    .text               mc_w.l(init.o)
    0x08007980   0x0000001e   Code   RO          774    .text               mc_w.l(llshl.o)
    0x0800799e   0x00000020   Code   RO          776    .text               mc_w.l(llushr.o)
    0x080079be   0x0000005c   Code   RO          790    .text               mc_w.l(__dczerorl2.o)
    0x08007a1a   0x00000002   PAD
    0x08007a1c   0x00000020   Code   RO          623    i.__0printf$5       mc_w.l(printf5.o)
    0x08007a3c   0x0000000e   Code   RO          784    i.__scatterload_copy  mc_w.l(handlers.o)
    0x08007a4a   0x00000002   Code   RO          785    i.__scatterload_null  mc_w.l(handlers.o)
    0x08007a4c   0x0000000e   Code   RO          786    i.__scatterload_zeroinit  mc_w.l(handlers.o)
    0x08007a5a   0x00000002   PAD
    0x08007a5c   0x000002c4   Code   RO          630    i._printf_core      mc_w.l(printf5.o)
    0x08007d20   0x00000014   Data   RO          174    .constdata          system_stm32f10x.o
    0x08007d34   0x00000020   Data   RO          782    Region$$Table       anon$$obj.o


    Execution Region RW_IRAM1 (Base: 0x20000000, Size: 0x00001cf8, Max: 0x0000c000, ABSOLUTE, COMPRESSED[0x0000016c])

    Base Addr    Size         Type   Attr      Idx    E Section Name        Object

    0x20000000   0x00000014   Data   RW           77    .data               stm32f10x_rcc.o
    0x20000014   0x0000007c   Data   RW          214    .data               main.o
    0x20000090   0x00000010   Data   RW          259    .data               stm32f10x_it.o
    0x200000a0   0x00000200   Data   RW          278    .data               calculation.o
    0x200002a0   0x0000002a   Data   RW          320    .data               input.o
    0x200002ca   0x00000010   Data   RW          352    .data               serial1.o
    0x200002da   0x0000000a   Data   RW          372    .data               serial4.o
    0x200002e4   0x00000007   Data   RW          392    .data               serial3.o
    0x200002eb   0x00000074   Data   RW          418    .data               serial5.o
    0x2000035f   0x00000003   Data   RW          438    .data               printf.o
    0x20000362   0x00000002   PAD
    0x20000364   0x00000011   Data   RW          469    .data               user.o
    0x20000375   0x00000003   PAD
    0x20000378   0x00000004   Data   RW          756    .data               mc_w.l(stdout.o)
    0x2000037c   0x00001000   Zero   RW          305    .bss                flash.o
    0x2000137c   0x000001e6   Zero   RW          351    .bss                serial1.o
    0x20001562   0x00000034   Zero   RW          371    .bss                serial4.o
    0x20001596   0x00000246   Zero   RW          391    .bss                serial3.o
    0x200017dc   0x00000132   Zero   RW          417    .bss                serial5.o
    0x2000190e   0x000000c8   Zero   RW          437    .bss                printf.o
    0x200019d6   0x00000002   PAD
    0x200019d8   0x0000011c   Zero   RW          468    .bss                user.o
    0x20001af4   0x00000004   PAD
    0x20001af8   0x00000200   Zero   RW          206    STACK               startup_stm32f10x_hd.o


==============================================================================

Image component sizes


      Code (inc. data)   RO Data    RW Data    ZI Data      Debug   Object Name

      1612         44          0        512          0       4645   calculation.o
         0          0          0          0          0         32   core_cm3.o
       780         10          0          0       4096       4015   flash.o
       988        214          0         42          0       2701   input.o
      1324        120          0        124          0      10177   main.o
       248         30          0          0          0       1677   misc.o
       180         22          0          3        200       1932   printf.o
      2460        356          0         16        486       5325   serial1.o
     10468        758          0          7        582      19253   serial3.o
      1036         84          0         10         52       3119   serial4.o
      4488        326          0        116        306       6590   serial5.o
       316         10          0          0          0       1098   spi.o
        48         12        304          0        512        800   startup_stm32f10x_hd.o
       192         32          0          0          0       2304   stm32f10x_bkp.o
       812         18          0          0          0     237467   stm32f10x_gpio.o
      1564        192          0         16          0       3353   stm32f10x_it.o
       200         16          0          0          0       1903   stm32f10x_pwr.o
       928         52          0         20          0       8728   stm32f10x_rcc.o
       376         32          0          0          0       2662   stm32f10x_rtc.o
       772          4          0          0          0       6290   stm32f10x_spi.o
       888         14          0          0          0       7771   stm32f10x_usart.o
       292         18         20          0          0       1573   system_stm32f10x.o
       668         38          0         17        284       3938   user.o

    ----------------------------------------------------------------------
     30640       2402        356        888       6524     337353   Object Totals
         0          0         32          0          0          0   (incl. Generated)
         0          0          0          5          6          3   (incl. Padding)

    ----------------------------------------------------------------------

      Code (inc. data)   RO Data    RW Data    ZI Data      Debug   Library Member Name

        92          0          0          0          0          0   __dczerorl2.o
         0          0          0          0          0          0   entry.o
         8          4          0          0          0          0   entry2.o
         4          0          0          0          0          0   entry5.o
         8          4          0          0          0          0   entry7.o
        30          0          0          0          0          0   handlers.o
        36          8          0          0          0         68   init.o
        30          0          0          0          0         68   llshl.o
        32          0          0          0          0         68   llushr.o
       740         54          0          0          0        184   printf5.o
         0          0          0          4          0          0   stdout.o
       102          0          0          0          0         92   uldiv.o

    ----------------------------------------------------------------------
      1088         70          0          4          0        480   Library Totals
         6          0          0          0          0          0   (incl. Padding)

    ----------------------------------------------------------------------

      Code (inc. data)   RO Data    RW Data    ZI Data      Debug   Library Name

      1082         70          0          4          0        480   mc_w.l

    ----------------------------------------------------------------------
      1088         70          0          4          0        480   Library Totals

    ----------------------------------------------------------------------

==============================================================================


      Code (inc. data)   RO Data    RW Data    ZI Data      Debug   

     31728       2472        356        892       6524     335340   Grand Totals
     31728       2472        356        364       6524     335340   ELF Image Totals (compressed)
     31728       2472        356        364          0          0   ROM Totals

==============================================================================

    Total RO  Size (Code + RO Data)                32084 (  31.33kB)
    Total RW  Size (RW Data + ZI Data)              7416 (   7.24kB)
    Total ROM Size (Code + RO Data + RW Data)      32448 (  31.69kB)

==============================================================================

