<html>
<body>
<pre>
<h1>礦ision Build Log</h1>
<h2>Project:</h2>
E:\programs\fanyaSTM\2015-08-21-泛亚金属-STM程序-6种模式-增加QC输入\2015-11-18-fanyaSTM.uvproj
Project File Date:  05/05/2015

<h2>Output:</h2>
Build target 'BAIJIN'
compiling stm32f10x_gpio.c...
compiling stm32f10x_rcc.c...
compiling misc.c...
compiling stm32f10x_usart.c...
compiling stm32f10x_rtc.c...
compiling stm32f10x_pwr.c...
compiling stm32f10x_bkp.c...
compiling stm32f10x_spi.c...
compiling core_cm3.c...
compiling system_stm32f10x.c...
assembling startup_stm32f10x_hd.s...
compiling main.c...
compiling stm32f10x_it.c...
compiling calculation.c...
compiling spi.c...
compiling flash.c...
compiling input.c...
compiling tiaoshi.c...
compiling serial1.c...
compiling serial4.c...
compiling serial3.c...
user\serial3.c(590): warning:  #177-D: variable "j" was declared but never referenced
compiling serial5.c...
user\serial5.c(221): warning:  #223-D: function "printf" declared implicitly
user\serial5.c(260): warning:  #223-D: function "printf" declared implicitly
compiling printf.c...
compiling communication.c...
compiling user.c...
linking...
Program Size: Code=31728 RO-data=356 RW-data=892 ZI-data=6524  
FromELF: creating hex file...
".\out\BAIJIN.axf" - 0 Error(s), 3 Warning(s).
